13:36:10 **** Build of project pbase18_2app_bsp ****
make -k all 
"Running Make include in microblaze_0/libsrc/bram_v4_2/src"
make -C microblaze_0/libsrc/bram_v4_2/src -s include  "SHELL=CMD" "COMPILER=mb-gcc" "ARCHIVER=mb-ar" "COMPILER_FLAGS=  -O2 -c -mcpu=v10.0 -mlittle-endian -mxl-soft-mul" "EXTRA_COMPILER_FLAGS=-ffunction-sections -fdata-sections -Wall -Wextra"
"Running Make include in microblaze_0/libsrc/cpu_v2_7/src"
make -C microblaze_0/libsrc/cpu_v2_7/src -s include  "SHELL=CMD" "COMPILER=mb-gcc" "ARCHIVER=mb-ar" "COMPILER_FLAGS=  -O2 -c -mcpu=v10.0 -mlittle-endian -mxl-soft-mul" "EXTRA_COMPILER_FLAGS=-ffunction-sections -fdata-sections -Wall -Wextra"
"Running Make include in microblaze_0/libsrc/gpio_v4_3/src"
make -C microblaze_0/libsrc/gpio_v4_3/src -s include  "SHELL=CMD" "COMPILER=mb-gcc" "ARCHIVER=mb-ar" "COMPILER_FLAGS=  -O2 -c -mcpu=v10.0 -mlittle-endian -mxl-soft-mul" "EXTRA_COMPILER_FLAGS=-ffunction-sections -fdata-sections -Wall -Wextra"
"Running Make include in microblaze_0/libsrc/standalone_v6_7/src"
make -C microblaze_0/libsrc/standalone_v6_7/src -s include  "SHELL=CMD" "COMPILER=mb-gcc" "ARCHIVER=mb-ar" "COMPILER_FLAGS=  -O2 -c -mcpu=v10.0 -mlittle-endian -mxl-soft-mul" "EXTRA_COMPILER_FLAGS=-ffunction-sections -fdata-sections -Wall -Wextra"
"Running Make include in microblaze_0/libsrc/sysmon_v7_4/src"
make -C microblaze_0/libsrc/sysmon_v7_4/src -s include  "SHELL=CMD" "COMPILER=mb-gcc" "ARCHIVER=mb-ar" "COMPILER_FLAGS=  -O2 -c -mcpu=v10.0 -mlittle-endian -mxl-soft-mul" "EXTRA_COMPILER_FLAGS=-ffunction-sections -fdata-sections -Wall -Wextra"
"Running Make include in microblaze_0/libsrc/uartlite_v3_2/src"
make -C microblaze_0/libsrc/uartlite_v3_2/src -s include  "SHELL=CMD" "COMPILER=mb-gcc" "ARCHIVER=mb-ar" "COMPILER_FLAGS=  -O2 -c -mcpu=v10.0 -mlittle-endian -mxl-soft-mul" "EXTRA_COMPILER_FLAGS=-ffunction-sections -fdata-sections -Wall -Wextra"
"Running Make libs in microblaze_0/libsrc/bram_v4_2/src"
make -C microblaze_0/libsrc/bram_v4_2/src -s libs  "SHELL=CMD" "COMPILER=mb-gcc" "ARCHIVER=mb-ar" "COMPILER_FLAGS=  -O2 -c -mcpu=v10.0 -mlittle-endian -mxl-soft-mul" "EXTRA_COMPILER_FLAGS=-ffunction-sections -fdata-sections -Wall -Wextra"
"Compiling bram"
mb-ar: creating ../../../lib/libxil.a
"Running Make libs in microblaze_0/libsrc/cpu_v2_7/src"
make -C microblaze_0/libsrc/cpu_v2_7/src -s libs  "SHELL=CMD" "COMPILER=mb-gcc" "ARCHIVER=mb-ar" "COMPILER_FLAGS=  -O2 -c -mcpu=v10.0 -mlittle-endian -mxl-soft-mul" "EXTRA_COMPILER_FLAGS=-ffunction-sections -fdata-sections -Wall -Wextra"
"Compiling cpu"
"Running Make libs in microblaze_0/libsrc/gpio_v4_3/src"
make -C microblaze_0/libsrc/gpio_v4_3/src -s libs  "SHELL=CMD" "COMPILER=mb-gcc" "ARCHIVER=mb-ar" "COMPILER_FLAGS=  -O2 -c -mcpu=v10.0 -mlittle-endian -mxl-soft-mul" "EXTRA_COMPILER_FLAGS=-ffunction-sections -fdata-sections -Wall -Wextra"
"Compiling gpio"
"Running Make libs in microblaze_0/libsrc/standalone_v6_7/src"
make -C microblaze_0/libsrc/standalone_v6_7/src -s libs  "SHELL=CMD" "COMPILER=mb-gcc" "ARCHIVER=mb-ar" "COMPILER_FLAGS=  -O2 -c -mcpu=v10.0 -mlittle-endian -mxl-soft-mul" "EXTRA_COMPILER_FLAGS=-ffunction-sections -fdata-sections -Wall -Wextra"
"Compiling standalone";
microblaze_sleep.c:74:9: note: #pragma message: For the sleep routines, assembly instructions are used
 #pragma message ("For the sleep routines, assembly instructions are used")
         ^~~~~~~
"Running Make libs in microblaze_0/libsrc/sysmon_v7_4/src"
make -C microblaze_0/libsrc/sysmon_v7_4/src -s libs  "SHELL=CMD" "COMPILER=mb-gcc" "ARCHIVER=mb-ar" "COMPILER_FLAGS=  -O2 -c -mcpu=v10.0 -mlittle-endian -mxl-soft-mul" "EXTRA_COMPILER_FLAGS=-ffunction-sections -fdata-sections -Wall -Wextra"
"Compiling sysmon"
"Running Make libs in microblaze_0/libsrc/uartlite_v3_2/src"
make -C microblaze_0/libsrc/uartlite_v3_2/src -s libs  "SHELL=CMD" "COMPILER=mb-gcc" "ARCHIVER=mb-ar" "COMPILER_FLAGS=  -O2 -c -mcpu=v10.0 -mlittle-endian -mxl-soft-mul" "EXTRA_COMPILER_FLAGS=-ffunction-sections -fdata-sections -Wall -Wextra"
"Compiling uartlite"
'Finished building libraries'
13:36:22 **** Build of configuration Debug for project pbase18_2app ****
make all 
'Building file: ../src/helloworld.c'
'Invoking: MicroBlaze gcc compiler'
mb-gcc -Wall -O0 -g3 -c -fmessage-length=0 -MT"src/helloworld.o" -I../../pbase18_2app_bsp/microblaze_0/include -mlittle-endian -mcpu=v10.0 -mxl-soft-mul -Wl,--no-relax -ffunction-sections -fdata-sections -MMD -MP -MF"src/helloworld.d" -MT"src/helloworld.o" -o "src/helloworld.o" "../src/helloworld.c"
'Finished building: ../src/helloworld.c'
' '
'Building file: ../src/platform.c'
'Invoking: MicroBlaze gcc compiler'
mb-gcc -Wall -O0 -g3 -c -fmessage-length=0 -MT"src/platform.o" -I../../pbase18_2app_bsp/microblaze_0/include -mlittle-endian -mcpu=v10.0 -mxl-soft-mul -Wl,--no-relax -ffunction-sections -fdata-sections -MMD -MP -MF"src/platform.d" -MT"src/platform.o" -o "src/platform.o" "../src/platform.c"
'Finished building: ../src/platform.c'
' '
'Building target: pbase18_2app.elf'
'Invoking: MicroBlaze gcc linker'
mb-gcc -Wl,-T -Wl,../src/lscript.ld -L../../pbase18_2app_bsp/microblaze_0/lib -mlittle-endian -mcpu=v10.0 -mxl-soft-mul -Wl,--no-relax -Wl,--gc-sections -o "pbase18_2app.elf"  ./src/helloworld.o ./src/platform.o   -Wl,--start-group,-lxil,-lgcc,-lc,--end-group
'Finished building target: pbase18_2app.elf'
' '
'Invoking: MicroBlaze Print Size'
mb-size pbase18_2app.elf  |tee "pbase18_2app.elf.size"
   text	   data	    bss	    dec	    hex	filename
   2712	    268	   3108	   6088	   17c8	pbase18_2app.elf
'Finished building: pbase18_2app.elf.size'
' '
13:37:49 **** Build of project pbaseapp_bsp ****
make -k all 
"Running Make include in microblaze_0/libsrc/bram_v4_2/src"
make -C microblaze_0/libsrc/bram_v4_2/src -s include  "SHELL=CMD" "COMPILER=mb-gcc" "ARCHIVER=mb-ar" "COMPILER_FLAGS=  -O2 -c -mcpu=v10.0 -mlittle-endian -mxl-soft-mul" "EXTRA_COMPILER_FLAGS=-ffunction-sections -fdata-sections -Wall -Wextra"
"Running Make include in microblaze_0/libsrc/cpu_v2_7/src"
make -C microblaze_0/libsrc/cpu_v2_7/src -s include  "SHELL=CMD" "COMPILER=mb-gcc" "ARCHIVER=mb-ar" "COMPILER_FLAGS=  -O2 -c -mcpu=v10.0 -mlittle-endian -mxl-soft-mul" "EXTRA_COMPILER_FLAGS=-ffunction-sections -fdata-sections -Wall -Wextra"
"Running Make include in microblaze_0/libsrc/gpio_v4_3/src"
make -C microblaze_0/libsrc/gpio_v4_3/src -s include  "SHELL=CMD" "COMPILER=mb-gcc" "ARCHIVER=mb-ar" "COMPILER_FLAGS=  -O2 -c -mcpu=v10.0 -mlittle-endian -mxl-soft-mul" "EXTRA_COMPILER_FLAGS=-ffunction-sections -fdata-sections -Wall -Wextra"
"Running Make include in microblaze_0/libsrc/standalone_v6_7/src"
make -C microblaze_0/libsrc/standalone_v6_7/src -s include  "SHELL=CMD" "COMPILER=mb-gcc" "ARCHIVER=mb-ar" "COMPILER_FLAGS=  -O2 -c -mcpu=v10.0 -mlittle-endian -mxl-soft-mul" "EXTRA_COMPILER_FLAGS=-ffunction-sections -fdata-sections -Wall -Wextra"
"Running Make include in microblaze_0/libsrc/sysmon_v7_4/src"
make -C microblaze_0/libsrc/sysmon_v7_4/src -s include  "SHELL=CMD" "COMPILER=mb-gcc" "ARCHIVER=mb-ar" "COMPILER_FLAGS=  -O2 -c -mcpu=v10.0 -mlittle-endian -mxl-soft-mul" "EXTRA_COMPILER_FLAGS=-ffunction-sections -fdata-sections -Wall -Wextra"
"Running Make include in microblaze_0/libsrc/uartlite_v3_2/src"
make -C microblaze_0/libsrc/uartlite_v3_2/src -s include  "SHELL=CMD" "COMPILER=mb-gcc" "ARCHIVER=mb-ar" "COMPILER_FLAGS=  -O2 -c -mcpu=v10.0 -mlittle-endian -mxl-soft-mul" "EXTRA_COMPILER_FLAGS=-ffunction-sections -fdata-sections -Wall -Wextra"
"Running Make libs in microblaze_0/libsrc/bram_v4_2/src"
make -C microblaze_0/libsrc/bram_v4_2/src -s libs  "SHELL=CMD" "COMPILER=mb-gcc" "ARCHIVER=mb-ar" "COMPILER_FLAGS=  -O2 -c -mcpu=v10.0 -mlittle-endian -mxl-soft-mul" "EXTRA_COMPILER_FLAGS=-ffunction-sections -fdata-sections -Wall -Wextra"
"Compiling bram"
mb-ar: creating ../../../lib/libxil.a
"Running Make libs in microblaze_0/libsrc/cpu_v2_7/src"
make -C microblaze_0/libsrc/cpu_v2_7/src -s libs  "SHELL=CMD" "COMPILER=mb-gcc" "ARCHIVER=mb-ar" "COMPILER_FLAGS=  -O2 -c -mcpu=v10.0 -mlittle-endian -mxl-soft-mul" "EXTRA_COMPILER_FLAGS=-ffunction-sections -fdata-sections -Wall -Wextra"
"Compiling cpu"
"Running Make libs in microblaze_0/libsrc/gpio_v4_3/src"
make -C microblaze_0/libsrc/gpio_v4_3/src -s libs  "SHELL=CMD" "COMPILER=mb-gcc" "ARCHIVER=mb-ar" "COMPILER_FLAGS=  -O2 -c -mcpu=v10.0 -mlittle-endian -mxl-soft-mul" "EXTRA_COMPILER_FLAGS=-ffunction-sections -fdata-sections -Wall -Wextra"
"Compiling gpio"
"Running Make libs in microblaze_0/libsrc/standalone_v6_7/src"
make -C microblaze_0/libsrc/standalone_v6_7/src -s libs  "SHELL=CMD" "COMPILER=mb-gcc" "ARCHIVER=mb-ar" "COMPILER_FLAGS=  -O2 -c -mcpu=v10.0 -mlittle-endian -mxl-soft-mul" "EXTRA_COMPILER_FLAGS=-ffunction-sections -fdata-sections -Wall -Wextra"
"Compiling standalone";
microblaze_sleep.c:74:9: note: #pragma message: For the sleep routines, assembly instructions are used
 #pragma message ("For the sleep routines, assembly instructions are used")
         ^~~~~~~
"Running Make libs in microblaze_0/libsrc/sysmon_v7_4/src"
make -C microblaze_0/libsrc/sysmon_v7_4/src -s libs  "SHELL=CMD" "COMPILER=mb-gcc" "ARCHIVER=mb-ar" "COMPILER_FLAGS=  -O2 -c -mcpu=v10.0 -mlittle-endian -mxl-soft-mul" "EXTRA_COMPILER_FLAGS=-ffunction-sections -fdata-sections -Wall -Wextra"
"Compiling sysmon"
"Running Make libs in microblaze_0/libsrc/uartlite_v3_2/src"
make -C microblaze_0/libsrc/uartlite_v3_2/src -s libs  "SHELL=CMD" "COMPILER=mb-gcc" "ARCHIVER=mb-ar" "COMPILER_FLAGS=  -O2 -c -mcpu=v10.0 -mlittle-endian -mxl-soft-mul" "EXTRA_COMPILER_FLAGS=-ffunction-sections -fdata-sections -Wall -Wextra"
"Compiling uartlite"
'Finished building libraries'

**** Build of configuration Debug for project pbaseapp ****

Nothing to build for project pbaseapp
13:38:20 **** Auto Build of configuration Debug for project pbaseapp ****
make all 
'Building file: ../src/pbaseapp.c'
'Invoking: MicroBlaze gcc compiler'
mb-gcc -Wall -O0 -g3 -c -fmessage-length=0 -MT"src/pbaseapp.o" -I../../pbaseapp_bsp/microblaze_0/include -mlittle-endian -mcpu=v10.0 -mxl-soft-mul -Wl,--no-relax -ffunction-sections -fdata-sections -MMD -MP -MF"src/pbaseapp.d" -MT"src/pbaseapp.o" -o "src/pbaseapp.o" "../src/pbaseapp.c"
'Finished building: ../src/pbaseapp.c'
' '
'Building target: pbaseapp.elf'
'Invoking: MicroBlaze gcc linker'
mb-gcc -Wl,-T -Wl,../src/lscript.ld -L../../pbaseapp_bsp/microblaze_0/lib -mlittle-endian -mcpu=v10.0 -mxl-soft-mul -Wl,--no-relax -Wl,--gc-sections -o "pbaseapp.elf"  ./src/pbaseapp.o   -Wl,--start-group,-lxil,-lgcc,-lc,--end-group
c:/xilinx/sdk/2018.2/gnu/microblaze/nt/bin/../lib/gcc/microblaze-xilinx-elf/7.2.0/../../../../microblaze-xilinx-elf/lib/le/crtinit.o: In function `_crtinit':
(.text+0x78): undefined reference to `main'
collect2.exe: error: ld returned 1 exit status
make: *** [pbaseapp.elf] Error 1
13:38:29 **** Auto Build of configuration Debug for project pbaseapp ****
make all 
'Building file: ../src/pbaseapp.c'
'Invoking: MicroBlaze gcc compiler'
mb-gcc -Wall -O0 -g3 -c -fmessage-length=0 -MT"src/pbaseapp.o" -I../../pbaseapp_bsp/microblaze_0/include -mlittle-endian -mcpu=v10.0 -mxl-soft-mul -Wl,--no-relax -ffunction-sections -fdata-sections -MMD -MP -MF"src/pbaseapp.d" -MT"src/pbaseapp.o" -o "src/pbaseapp.o" "../src/pbaseapp.c"
../src/pbaseapp.c:2:1: warning: "/*" within comment [-Wcomment]
 /*
  
../src/pbaseapp.c:129:12: error: expected '=', ',', ';', 'asm' or '__attribute__' before '.' token
  * pbaseapp.c
            ^
make: *** [src/pbaseapp.o] Error 1
13:38:38 **** Incremental Build of configuration Debug for project pbaseapp ****
make all 
'Building file: ../src/pbaseapp.c'
'Invoking: MicroBlaze gcc compiler'
mb-gcc -Wall -O0 -g3 -c -fmessage-length=0 -MT"src/pbaseapp.o" -I../../pbaseapp_bsp/microblaze_0/include -mlittle-endian -mcpu=v10.0 -mxl-soft-mul -Wl,--no-relax -ffunction-sections -fdata-sections -MMD -MP -MF"src/pbaseapp.d" -MT"src/pbaseapp.o" -o "src/pbaseapp.o" "../src/pbaseapp.c"
../src/pbaseapp.c:2:1: warning: "/*" within comment [-Wcomment]
 /*
  
../src/pbaseapp.c:129:12: error: expected '=', ',', ';', 'asm' or '__attribute__' before '.' token
  * pbaseapp.c
            ^
make: *** [src/pbaseapp.o] Error 1
13:39:11 **** Auto Build of configuration Debug for project pbaseapp ****
make all 
'Building file: ../src/pbaseapp.c'
'Invoking: MicroBlaze gcc compiler'
mb-gcc -Wall -O0 -g3 -c -fmessage-length=0 -MT"src/pbaseapp.o" -I../../pbaseapp_bsp/microblaze_0/include -mlittle-endian -mcpu=v10.0 -mxl-soft-mul -Wl,--no-relax -ffunction-sections -fdata-sections -MMD -MP -MF"src/pbaseapp.d" -MT"src/pbaseapp.o" -o "src/pbaseapp.o" "../src/pbaseapp.c"
../src/pbaseapp.c:129:12: error: expected '=', ',', ';', 'asm' or '__attribute__' before '.' token
  * pbaseapp.c
            ^
make: *** [src/pbaseapp.o] Error 1
13:39:26 **** Incremental Build of configuration Debug for project pbaseapp ****
make all 
'Building file: ../src/pbaseapp.c'
'Invoking: MicroBlaze gcc compiler'
mb-gcc -Wall -O0 -g3 -c -fmessage-length=0 -MT"src/pbaseapp.o" -I../../pbaseapp_bsp/microblaze_0/include -mlittle-endian -mcpu=v10.0 -mxl-soft-mul -Wl,--no-relax -ffunction-sections -fdata-sections -MMD -MP -MF"src/pbaseapp.d" -MT"src/pbaseapp.o" -o "src/pbaseapp.o" "../src/pbaseapp.c"
../src/pbaseapp.c:129:12: error: expected '=', ',', ';', 'asm' or '__attribute__' before '.' token
  * pbaseapp.c
            ^
make: *** [src/pbaseapp.o] Error 1
13:40:29 **** Auto Build of configuration Debug for project pbaseapp ****
make all 
'Building file: ../src/pbaseapp.c'
'Invoking: MicroBlaze gcc compiler'
mb-gcc -Wall -O0 -g3 -c -fmessage-length=0 -MT"src/pbaseapp.o" -I../../pbaseapp_bsp/microblaze_0/include -mlittle-endian -mcpu=v10.0 -mxl-soft-mul -Wl,--no-relax -ffunction-sections -fdata-sections -MMD -MP -MF"src/pbaseapp.d" -MT"src/pbaseapp.o" -o "src/pbaseapp.o" "../src/pbaseapp.c"
'Finished building: ../src/pbaseapp.c'
' '
'Building target: pbaseapp.elf'
'Invoking: MicroBlaze gcc linker'
mb-gcc -Wl,-T -Wl,../src/lscript.ld -L../../pbaseapp_bsp/microblaze_0/lib -mlittle-endian -mcpu=v10.0 -mxl-soft-mul -Wl,--no-relax -Wl,--gc-sections -o "pbaseapp.elf"  ./src/pbaseapp.o   -Wl,--start-group,-lxil,-lgcc,-lc,--end-group
'Finished building target: pbaseapp.elf'
' '
'Invoking: MicroBlaze Print Size'
mb-size pbaseapp.elf  |tee "pbaseapp.elf.size"
   text	   data	    bss	    dec	    hex	filename
  11080	    340	   3148	  14568	   38e8	pbaseapp.elf
'Finished building: pbaseapp.elf.size'
' '
13:40:39 **** Incremental Build of configuration Debug for project pbaseapp ****
make all 
make: Nothing to be done for `all'.
13:46:31 **** Incremental Build of configuration Debug for project pbaseapp ****
make all 
make: Nothing to be done for `all'.
13:49:27 **** Incremental Build of configuration Debug for project pbaseapp ****
make all 
make: Nothing to be done for `all'.
13:50:31 **** Incremental Build of configuration Debug for project pbaseapp ****
make all 
make: Nothing to be done for `all'.
13:52:18 **** Auto Build of project pbaseapp_bsp ****
make -k all 
"Running Make include in microblaze_0/libsrc/bram_v4_2/src"
make -C microblaze_0/libsrc/bram_v4_2/src -s include  "SHELL=CMD" "COMPILER=mb-gcc" "ARCHIVER=mb-ar" "COMPILER_FLAGS=  -O2 -c -mcpu=v10.0 -mlittle-endian -mxl-soft-mul" "EXTRA_COMPILER_FLAGS=-ffunction-sections -fdata-sections -Wall -Wextra"
"Running Make include in microblaze_0/libsrc/cpu_v2_7/src"
make -C microblaze_0/libsrc/cpu_v2_7/src -s include  "SHELL=CMD" "COMPILER=mb-gcc" "ARCHIVER=mb-ar" "COMPILER_FLAGS=  -O2 -c -mcpu=v10.0 -mlittle-endian -mxl-soft-mul" "EXTRA_COMPILER_FLAGS=-ffunction-sections -fdata-sections -Wall -Wextra"
"Running Make include in microblaze_0/libsrc/gpio_v4_3/src"
make -C microblaze_0/libsrc/gpio_v4_3/src -s include  "SHELL=CMD" "COMPILER=mb-gcc" "ARCHIVER=mb-ar" "COMPILER_FLAGS=  -O2 -c -mcpu=v10.0 -mlittle-endian -mxl-soft-mul" "EXTRA_COMPILER_FLAGS=-ffunction-sections -fdata-sections -Wall -Wextra"
"Running Make include in microblaze_0/libsrc/standalone_v6_7/src"
make -C microblaze_0/libsrc/standalone_v6_7/src -s include  "SHELL=CMD" "COMPILER=mb-gcc" "ARCHIVER=mb-ar" "COMPILER_FLAGS=  -O2 -c -mcpu=v10.0 -mlittle-endian -mxl-soft-mul" "EXTRA_COMPILER_FLAGS=-ffunction-sections -fdata-sections -Wall -Wextra"
"Running Make include in microblaze_0/libsrc/sysmon_v7_4/src"
make -C microblaze_0/libsrc/sysmon_v7_4/src -s include  "SHELL=CMD" "COMPILER=mb-gcc" "ARCHIVER=mb-ar" "COMPILER_FLAGS=  -O2 -c -mcpu=v10.0 -mlittle-endian -mxl-soft-mul" "EXTRA_COMPILER_FLAGS=-ffunction-sections -fdata-sections -Wall -Wextra"
"Running Make include in microblaze_0/libsrc/uartlite_v3_2/src"
make -C microblaze_0/libsrc/uartlite_v3_2/src -s include  "SHELL=CMD" "COMPILER=mb-gcc" "ARCHIVER=mb-ar" "COMPILER_FLAGS=  -O2 -c -mcpu=v10.0 -mlittle-endian -mxl-soft-mul" "EXTRA_COMPILER_FLAGS=-ffunction-sections -fdata-sections -Wall -Wextra"
"Running Make libs in microblaze_0/libsrc/bram_v4_2/src"
make -C microblaze_0/libsrc/bram_v4_2/src -s libs  "SHELL=CMD" "COMPILER=mb-gcc" "ARCHIVER=mb-ar" "COMPILER_FLAGS=  -O2 -c -mcpu=v10.0 -mlittle-endian -mxl-soft-mul" "EXTRA_COMPILER_FLAGS=-ffunction-sections -fdata-sections -Wall -Wextra"
"Compiling bram"
mb-ar: creating ../../../lib/libxil.a
"Running Make libs in microblaze_0/libsrc/cpu_v2_7/src"
make -C microblaze_0/libsrc/cpu_v2_7/src -s libs  "SHELL=CMD" "COMPILER=mb-gcc" "ARCHIVER=mb-ar" "COMPILER_FLAGS=  -O2 -c -mcpu=v10.0 -mlittle-endian -mxl-soft-mul" "EXTRA_COMPILER_FLAGS=-ffunction-sections -fdata-sections -Wall -Wextra"
"Compiling cpu"
"Running Make libs in microblaze_0/libsrc/gpio_v4_3/src"
make -C microblaze_0/libsrc/gpio_v4_3/src -s libs  "SHELL=CMD" "COMPILER=mb-gcc" "ARCHIVER=mb-ar" "COMPILER_FLAGS=  -O2 -c -mcpu=v10.0 -mlittle-endian -mxl-soft-mul" "EXTRA_COMPILER_FLAGS=-ffunction-sections -fdata-sections -Wall -Wextra"
"Compiling gpio"
"Running Make libs in microblaze_0/libsrc/standalone_v6_7/src"
make -C microblaze_0/libsrc/standalone_v6_7/src -s libs  "SHELL=CMD" "COMPILER=mb-gcc" "ARCHIVER=mb-ar" "COMPILER_FLAGS=  -O2 -c -mcpu=v10.0 -mlittle-endian -mxl-soft-mul" "EXTRA_COMPILER_FLAGS=-ffunction-sections -fdata-sections -Wall -Wextra"
"Compiling standalone";
microblaze_sleep.c:74:9: note: #pragma message: For the sleep routines, assembly instructions are used
 #pragma message ("For the sleep routines, assembly instructions are used")
         ^~~~~~~
"Running Make libs in microblaze_0/libsrc/sysmon_v7_4/src"
make -C microblaze_0/libsrc/sysmon_v7_4/src -s libs  "SHELL=CMD" "COMPILER=mb-gcc" "ARCHIVER=mb-ar" "COMPILER_FLAGS=  -O2 -c -mcpu=v10.0 -mlittle-endian -mxl-soft-mul" "EXTRA_COMPILER_FLAGS=-ffunction-sections -fdata-sections -Wall -Wextra"
"Compiling sysmon"
"Running Make libs in microblaze_0/libsrc/uartlite_v3_2/src"
make -C microblaze_0/libsrc/uartlite_v3_2/src -s libs  "SHELL=CMD" "COMPILER=mb-gcc" "ARCHIVER=mb-ar" "COMPILER_FLAGS=  -O2 -c -mcpu=v10.0 -mlittle-endian -mxl-soft-mul" "EXTRA_COMPILER_FLAGS=-ffunction-sections -fdata-sections -Wall -Wextra"
"Compiling uartlite"
'Finished building libraries'
13:52:28 **** Auto Build of configuration Debug for project pbaseapp ****
make all 
'Building file: ../src/pbaseapp.c'
'Invoking: MicroBlaze gcc compiler'
mb-gcc -Wall -O0 -g3 -c -fmessage-length=0 -MT"src/pbaseapp.o" -I../../pbaseapp_bsp/microblaze_0/include -mlittle-endian -mcpu=v10.0 -mxl-soft-mul -Wl,--no-relax -ffunction-sections -fdata-sections -MMD -MP -MF"src/pbaseapp.d" -MT"src/pbaseapp.o" -o "src/pbaseapp.o" "../src/pbaseapp.c"
'Finished building: ../src/pbaseapp.c'
' '
'Building target: pbaseapp.elf'
'Invoking: MicroBlaze gcc linker'
mb-gcc -Wl,-T -Wl,../src/lscript.ld -L../../pbaseapp_bsp/microblaze_0/lib -mlittle-endian -mcpu=v10.0 -mxl-soft-mul -Wl,--no-relax -Wl,--gc-sections -o "pbaseapp.elf"  ./src/pbaseapp.o   -Wl,--start-group,-lxil,-lgcc,-lc,--end-group
'Finished building target: pbaseapp.elf'
' '
'Invoking: MicroBlaze Print Size'
mb-size pbaseapp.elf  |tee "pbaseapp.elf.size"
   text	   data	    bss	    dec	    hex	filename
  11080	    340	   3148	  14568	   38e8	pbaseapp.elf
'Finished building: pbaseapp.elf.size'
' '
13:53:54 **** Incremental Build of configuration Debug for project pbaseapp ****
make all 
make: Nothing to be done for `all'.
14:14:10 **** Incremental Build of configuration Debug for project pbaseapp ****
make all 
make: Nothing to be done for `all'.
14:32:21 **** Incremental Build of configuration Debug for project pbaseapp ****
make all 
make: Nothing to be done for `all'.
14:34:11 **** Auto Build of project pbaseapp_bsp ****
make -k all 
"Running Make include in microblaze_0/libsrc/bram_v4_2/src"
make -C microblaze_0/libsrc/bram_v4_2/src -s include  "SHELL=CMD" "COMPILER=mb-gcc" "ARCHIVER=mb-ar" "COMPILER_FLAGS=  -O2 -c -mcpu=v10.0 -mlittle-endian -mxl-soft-mul" "EXTRA_COMPILER_FLAGS=-ffunction-sections -fdata-sections -Wall -Wextra"
"Running Make include in microblaze_0/libsrc/cpu_v2_7/src"
make -C microblaze_0/libsrc/cpu_v2_7/src -s include  "SHELL=CMD" "COMPILER=mb-gcc" "ARCHIVER=mb-ar" "COMPILER_FLAGS=  -O2 -c -mcpu=v10.0 -mlittle-endian -mxl-soft-mul" "EXTRA_COMPILER_FLAGS=-ffunction-sections -fdata-sections -Wall -Wextra"
"Running Make include in microblaze_0/libsrc/gpio_v4_3/src"
make -C microblaze_0/libsrc/gpio_v4_3/src -s include  "SHELL=CMD" "COMPILER=mb-gcc" "ARCHIVER=mb-ar" "COMPILER_FLAGS=  -O2 -c -mcpu=v10.0 -mlittle-endian -mxl-soft-mul" "EXTRA_COMPILER_FLAGS=-ffunction-sections -fdata-sections -Wall -Wextra"
"Running Make include in microblaze_0/libsrc/standalone_v6_7/src"
make -C microblaze_0/libsrc/standalone_v6_7/src -s include  "SHELL=CMD" "COMPILER=mb-gcc" "ARCHIVER=mb-ar" "COMPILER_FLAGS=  -O2 -c -mcpu=v10.0 -mlittle-endian -mxl-soft-mul" "EXTRA_COMPILER_FLAGS=-ffunction-sections -fdata-sections -Wall -Wextra"
"Running Make include in microblaze_0/libsrc/sysmon_v7_4/src"
make -C microblaze_0/libsrc/sysmon_v7_4/src -s include  "SHELL=CMD" "COMPILER=mb-gcc" "ARCHIVER=mb-ar" "COMPILER_FLAGS=  -O2 -c -mcpu=v10.0 -mlittle-endian -mxl-soft-mul" "EXTRA_COMPILER_FLAGS=-ffunction-sections -fdata-sections -Wall -Wextra"
"Running Make include in microblaze_0/libsrc/uartlite_v3_2/src"
make -C microblaze_0/libsrc/uartlite_v3_2/src -s include  "SHELL=CMD" "COMPILER=mb-gcc" "ARCHIVER=mb-ar" "COMPILER_FLAGS=  -O2 -c -mcpu=v10.0 -mlittle-endian -mxl-soft-mul" "EXTRA_COMPILER_FLAGS=-ffunction-sections -fdata-sections -Wall -Wextra"
"Running Make libs in microblaze_0/libsrc/bram_v4_2/src"
make -C microblaze_0/libsrc/bram_v4_2/src -s libs  "SHELL=CMD" "COMPILER=mb-gcc" "ARCHIVER=mb-ar" "COMPILER_FLAGS=  -O2 -c -mcpu=v10.0 -mlittle-endian -mxl-soft-mul" "EXTRA_COMPILER_FLAGS=-ffunction-sections -fdata-sections -Wall -Wextra"
"Compiling bram"
mb-ar: creating ../../../lib/libxil.a
"Running Make libs in microblaze_0/libsrc/cpu_v2_7/src"
make -C microblaze_0/libsrc/cpu_v2_7/src -s libs  "SHELL=CMD" "COMPILER=mb-gcc" "ARCHIVER=mb-ar" "COMPILER_FLAGS=  -O2 -c -mcpu=v10.0 -mlittle-endian -mxl-soft-mul" "EXTRA_COMPILER_FLAGS=-ffunction-sections -fdata-sections -Wall -Wextra"
"Compiling cpu"
"Running Make libs in microblaze_0/libsrc/gpio_v4_3/src"
make -C microblaze_0/libsrc/gpio_v4_3/src -s libs  "SHELL=CMD" "COMPILER=mb-gcc" "ARCHIVER=mb-ar" "COMPILER_FLAGS=  -O2 -c -mcpu=v10.0 -mlittle-endian -mxl-soft-mul" "EXTRA_COMPILER_FLAGS=-ffunction-sections -fdata-sections -Wall -Wextra"
"Compiling gpio"
"Running Make libs in microblaze_0/libsrc/standalone_v6_7/src"
make -C microblaze_0/libsrc/standalone_v6_7/src -s libs  "SHELL=CMD" "COMPILER=mb-gcc" "ARCHIVER=mb-ar" "COMPILER_FLAGS=  -O2 -c -mcpu=v10.0 -mlittle-endian -mxl-soft-mul" "EXTRA_COMPILER_FLAGS=-ffunction-sections -fdata-sections -Wall -Wextra"
"Compiling standalone";
microblaze_sleep.c:74:9: note: #pragma message: For the sleep routines, assembly instructions are used
 #pragma message ("For the sleep routines, assembly instructions are used")
         ^~~~~~~
"Running Make libs in microblaze_0/libsrc/sysmon_v7_4/src"
make -C microblaze_0/libsrc/sysmon_v7_4/src -s libs  "SHELL=CMD" "COMPILER=mb-gcc" "ARCHIVER=mb-ar" "COMPILER_FLAGS=  -O2 -c -mcpu=v10.0 -mlittle-endian -mxl-soft-mul" "EXTRA_COMPILER_FLAGS=-ffunction-sections -fdata-sections -Wall -Wextra"
"Compiling sysmon"
"Running Make libs in microblaze_0/libsrc/uartlite_v3_2/src"
make -C microblaze_0/libsrc/uartlite_v3_2/src -s libs  "SHELL=CMD" "COMPILER=mb-gcc" "ARCHIVER=mb-ar" "COMPILER_FLAGS=  -O2 -c -mcpu=v10.0 -mlittle-endian -mxl-soft-mul" "EXTRA_COMPILER_FLAGS=-ffunction-sections -fdata-sections -Wall -Wextra"
"Compiling uartlite"
'Finished building libraries'
14:34:21 **** Auto Build of configuration Debug for project pbaseapp ****
make all 
'Building file: ../src/pbaseapp.c'
'Invoking: MicroBlaze gcc compiler'
mb-gcc -Wall -O0 -g3 -c -fmessage-length=0 -MT"src/pbaseapp.o" -I../../pbaseapp_bsp/microblaze_0/include -mlittle-endian -mcpu=v10.0 -mxl-soft-mul -Wl,--no-relax -ffunction-sections -fdata-sections -MMD -MP -MF"src/pbaseapp.d" -MT"src/pbaseapp.o" -o "src/pbaseapp.o" "../src/pbaseapp.c"
'Finished building: ../src/pbaseapp.c'
' '
'Building target: pbaseapp.elf'
'Invoking: MicroBlaze gcc linker'
mb-gcc -Wl,-T -Wl,../src/lscript.ld -L../../pbaseapp_bsp/microblaze_0/lib -mlittle-endian -mcpu=v10.0 -mxl-soft-mul -Wl,--no-relax -Wl,--gc-sections -o "pbaseapp.elf"  ./src/pbaseapp.o   -Wl,--start-group,-lxil,-lgcc,-lc,--end-group
'Finished building target: pbaseapp.elf'
' '
'Invoking: MicroBlaze Print Size'
mb-size pbaseapp.elf  |tee "pbaseapp.elf.size"
   text	   data	    bss	    dec	    hex	filename
  11080	    340	   3148	  14568	   38e8	pbaseapp.elf
'Finished building: pbaseapp.elf.size'
' '
14:36:32 **** Incremental Build of configuration Debug for project pbaseapp ****
make all 
make: Nothing to be done for `all'.
14:39:38 **** Incremental Build of configuration Debug for project pbaseapp ****
make all 
make: Nothing to be done for `all'.
15:08:51 **** Incremental Build of configuration Debug for project pbaseapp ****
make all 
make: Nothing to be done for `all'.
15:10:36 **** Auto Build of project pbaseapp_bsp ****
make -k all 
"Running Make include in microblaze_0/libsrc/bram_v4_2/src"
make -C microblaze_0/libsrc/bram_v4_2/src -s include  "SHELL=CMD" "COMPILER=mb-gcc" "ARCHIVER=mb-ar" "COMPILER_FLAGS=  -O2 -c -mcpu=v10.0 -mlittle-endian -mxl-soft-mul" "EXTRA_COMPILER_FLAGS=-ffunction-sections -fdata-sections -Wall -Wextra"
"Running Make include in microblaze_0/libsrc/cpu_v2_7/src"
make -C microblaze_0/libsrc/cpu_v2_7/src -s include  "SHELL=CMD" "COMPILER=mb-gcc" "ARCHIVER=mb-ar" "COMPILER_FLAGS=  -O2 -c -mcpu=v10.0 -mlittle-endian -mxl-soft-mul" "EXTRA_COMPILER_FLAGS=-ffunction-sections -fdata-sections -Wall -Wextra"
"Running Make include in microblaze_0/libsrc/gpio_v4_3/src"
make -C microblaze_0/libsrc/gpio_v4_3/src -s include  "SHELL=CMD" "COMPILER=mb-gcc" "ARCHIVER=mb-ar" "COMPILER_FLAGS=  -O2 -c -mcpu=v10.0 -mlittle-endian -mxl-soft-mul" "EXTRA_COMPILER_FLAGS=-ffunction-sections -fdata-sections -Wall -Wextra"
"Running Make include in microblaze_0/libsrc/standalone_v6_7/src"
make -C microblaze_0/libsrc/standalone_v6_7/src -s include  "SHELL=CMD" "COMPILER=mb-gcc" "ARCHIVER=mb-ar" "COMPILER_FLAGS=  -O2 -c -mcpu=v10.0 -mlittle-endian -mxl-soft-mul" "EXTRA_COMPILER_FLAGS=-ffunction-sections -fdata-sections -Wall -Wextra"
"Running Make include in microblaze_0/libsrc/sysmon_v7_4/src"
make -C microblaze_0/libsrc/sysmon_v7_4/src -s include  "SHELL=CMD" "COMPILER=mb-gcc" "ARCHIVER=mb-ar" "COMPILER_FLAGS=  -O2 -c -mcpu=v10.0 -mlittle-endian -mxl-soft-mul" "EXTRA_COMPILER_FLAGS=-ffunction-sections -fdata-sections -Wall -Wextra"
"Running Make include in microblaze_0/libsrc/uartlite_v3_2/src"
make -C microblaze_0/libsrc/uartlite_v3_2/src -s include  "SHELL=CMD" "COMPILER=mb-gcc" "ARCHIVER=mb-ar" "COMPILER_FLAGS=  -O2 -c -mcpu=v10.0 -mlittle-endian -mxl-soft-mul" "EXTRA_COMPILER_FLAGS=-ffunction-sections -fdata-sections -Wall -Wextra"
"Running Make libs in microblaze_0/libsrc/bram_v4_2/src"
make -C microblaze_0/libsrc/bram_v4_2/src -s libs  "SHELL=CMD" "COMPILER=mb-gcc" "ARCHIVER=mb-ar" "COMPILER_FLAGS=  -O2 -c -mcpu=v10.0 -mlittle-endian -mxl-soft-mul" "EXTRA_COMPILER_FLAGS=-ffunction-sections -fdata-sections -Wall -Wextra"
"Compiling bram"
mb-ar: creating ../../../lib/libxil.a
"Running Make libs in microblaze_0/libsrc/cpu_v2_7/src"
make -C microblaze_0/libsrc/cpu_v2_7/src -s libs  "SHELL=CMD" "COMPILER=mb-gcc" "ARCHIVER=mb-ar" "COMPILER_FLAGS=  -O2 -c -mcpu=v10.0 -mlittle-endian -mxl-soft-mul" "EXTRA_COMPILER_FLAGS=-ffunction-sections -fdata-sections -Wall -Wextra"
"Compiling cpu"
"Running Make libs in microblaze_0/libsrc/gpio_v4_3/src"
make -C microblaze_0/libsrc/gpio_v4_3/src -s libs  "SHELL=CMD" "COMPILER=mb-gcc" "ARCHIVER=mb-ar" "COMPILER_FLAGS=  -O2 -c -mcpu=v10.0 -mlittle-endian -mxl-soft-mul" "EXTRA_COMPILER_FLAGS=-ffunction-sections -fdata-sections -Wall -Wextra"
"Compiling gpio"
"Running Make libs in microblaze_0/libsrc/standalone_v6_7/src"
make -C microblaze_0/libsrc/standalone_v6_7/src -s libs  "SHELL=CMD" "COMPILER=mb-gcc" "ARCHIVER=mb-ar" "COMPILER_FLAGS=  -O2 -c -mcpu=v10.0 -mlittle-endian -mxl-soft-mul" "EXTRA_COMPILER_FLAGS=-ffunction-sections -fdata-sections -Wall -Wextra"
"Compiling standalone";
microblaze_sleep.c:74:9: note: #pragma message: For the sleep routines, assembly instructions are used
 #pragma message ("For the sleep routines, assembly instructions are used")
         ^~~~~~~
"Running Make libs in microblaze_0/libsrc/sysmon_v7_4/src"
make -C microblaze_0/libsrc/sysmon_v7_4/src -s libs  "SHELL=CMD" "COMPILER=mb-gcc" "ARCHIVER=mb-ar" "COMPILER_FLAGS=  -O2 -c -mcpu=v10.0 -mlittle-endian -mxl-soft-mul" "EXTRA_COMPILER_FLAGS=-ffunction-sections -fdata-sections -Wall -Wextra"
"Compiling sysmon"
"Running Make libs in microblaze_0/libsrc/uartlite_v3_2/src"
make -C microblaze_0/libsrc/uartlite_v3_2/src -s libs  "SHELL=CMD" "COMPILER=mb-gcc" "ARCHIVER=mb-ar" "COMPILER_FLAGS=  -O2 -c -mcpu=v10.0 -mlittle-endian -mxl-soft-mul" "EXTRA_COMPILER_FLAGS=-ffunction-sections -fdata-sections -Wall -Wextra"
"Compiling uartlite"
'Finished building libraries'
15:10:46 **** Auto Build of configuration Debug for project pbaseapp ****
make all 
'Building file: ../src/pbaseapp.c'
'Invoking: MicroBlaze gcc compiler'
mb-gcc -Wall -O0 -g3 -c -fmessage-length=0 -MT"src/pbaseapp.o" -I../../pbaseapp_bsp/microblaze_0/include -mlittle-endian -mcpu=v10.0 -mxl-soft-mul -Wl,--no-relax -ffunction-sections -fdata-sections -MMD -MP -MF"src/pbaseapp.d" -MT"src/pbaseapp.o" -o "src/pbaseapp.o" "../src/pbaseapp.c"
'Finished building: ../src/pbaseapp.c'
' '
'Building target: pbaseapp.elf'
'Invoking: MicroBlaze gcc linker'
mb-gcc -Wl,-T -Wl,../src/lscript.ld -L../../pbaseapp_bsp/microblaze_0/lib -mlittle-endian -mcpu=v10.0 -mxl-soft-mul -Wl,--no-relax -Wl,--gc-sections -o "pbaseapp.elf"  ./src/pbaseapp.o   -Wl,--start-group,-lxil,-lgcc,-lc,--end-group
'Finished building target: pbaseapp.elf'
' '
'Invoking: MicroBlaze Print Size'
mb-size pbaseapp.elf  |tee "pbaseapp.elf.size"
   text	   data	    bss	    dec	    hex	filename
  11080	    340	   3148	  14568	   38e8	pbaseapp.elf
'Finished building: pbaseapp.elf.size'
' '
08:46:43 **** Incremental Build of configuration Debug for project pbaseapp ****
make all 
make: Nothing to be done for `all'.
08:49:31 **** Incremental Build of configuration Debug for project pbaseapp ****
make all 
make: Nothing to be done for `all'.
08:49:38 **** Auto Build of configuration Debug for project pbaseapp ****
make all 
'Building file: ../src/pbaseapp.c'
'Invoking: MicroBlaze gcc compiler'
mb-gcc -Wall -O0 -g3 -c -fmessage-length=0 -MT"src/pbaseapp.o" -I../../pbaseapp_bsp/microblaze_0/include -mlittle-endian -mcpu=v10.0 -mxl-soft-mul -Wl,--no-relax -ffunction-sections -fdata-sections -MMD -MP -MF"src/pbaseapp.d" -MT"src/pbaseapp.o" -o "src/pbaseapp.o" "../src/pbaseapp.c"
'Finished building: ../src/pbaseapp.c'
' '
'Building target: pbaseapp.elf'
'Invoking: MicroBlaze gcc linker'
mb-gcc -Wl,-T -Wl,../src/lscript.ld -L../../pbaseapp_bsp/microblaze_0/lib -mlittle-endian -mcpu=v10.0 -mxl-soft-mul -Wl,--no-relax -Wl,--gc-sections -o "pbaseapp.elf"  ./src/pbaseapp.o   -Wl,--start-group,-lxil,-lgcc,-lc,--end-group
'Finished building target: pbaseapp.elf'
' '
'Invoking: MicroBlaze Print Size'
mb-size pbaseapp.elf  |tee "pbaseapp.elf.size"
   text	   data	    bss	    dec	    hex	filename
  11064	    340	   3148	  14552	   38d8	pbaseapp.elf
'Finished building: pbaseapp.elf.size'
' '
08:50:39 **** Incremental Build of configuration Debug for project pbaseapp ****
make all 
make: Nothing to be done for `all'.
08:52:23 **** Auto Build of configuration Debug for project pbaseapp ****
make all 
'Building file: ../src/pbaseapp.c'
'Invoking: MicroBlaze gcc compiler'
mb-gcc -Wall -O0 -g3 -c -fmessage-length=0 -MT"src/pbaseapp.o" -I../../pbaseapp_bsp/microblaze_0/include -mlittle-endian -mcpu=v10.0 -mxl-soft-mul -Wl,--no-relax -ffunction-sections -fdata-sections -MMD -MP -MF"src/pbaseapp.d" -MT"src/pbaseapp.o" -o "src/pbaseapp.o" "../src/pbaseapp.c"
'Finished building: ../src/pbaseapp.c'
' '
'Building target: pbaseapp.elf'
'Invoking: MicroBlaze gcc linker'
mb-gcc -Wl,-T -Wl,../src/lscript.ld -L../../pbaseapp_bsp/microblaze_0/lib -mlittle-endian -mcpu=v10.0 -mxl-soft-mul -Wl,--no-relax -Wl,--gc-sections -o "pbaseapp.elf"  ./src/pbaseapp.o   -Wl,--start-group,-lxil,-lgcc,-lc,--end-group
'Finished building target: pbaseapp.elf'
' '
'Invoking: MicroBlaze Print Size'
mb-size pbaseapp.elf  |tee "pbaseapp.elf.size"
   text	   data	    bss	    dec	    hex	filename
  11076	    340	   3152	  14568	   38e8	pbaseapp.elf
'Finished building: pbaseapp.elf.size'
' '
08:57:39 **** Auto Build of configuration Debug for project pbaseapp ****
make all 
'Building file: ../src/pbaseapp.c'
'Invoking: MicroBlaze gcc compiler'
mb-gcc -Wall -O0 -g3 -c -fmessage-length=0 -MT"src/pbaseapp.o" -I../../pbaseapp_bsp/microblaze_0/include -mlittle-endian -mcpu=v10.0 -mxl-soft-mul -Wl,--no-relax -ffunction-sections -fdata-sections -MMD -MP -MF"src/pbaseapp.d" -MT"src/pbaseapp.o" -o "src/pbaseapp.o" "../src/pbaseapp.c"
'Finished building: ../src/pbaseapp.c'
' '
'Building target: pbaseapp.elf'
'Invoking: MicroBlaze gcc linker'
mb-gcc -Wl,-T -Wl,../src/lscript.ld -L../../pbaseapp_bsp/microblaze_0/lib -mlittle-endian -mcpu=v10.0 -mxl-soft-mul -Wl,--no-relax -Wl,--gc-sections -o "pbaseapp.elf"  ./src/pbaseapp.o   -Wl,--start-group,-lxil,-lgcc,-lc,--end-group
'Finished building target: pbaseapp.elf'
' '
'Invoking: MicroBlaze Print Size'
mb-size pbaseapp.elf  |tee "pbaseapp.elf.size"
   text	   data	    bss	    dec	    hex	filename
  11080	    340	   3148	  14568	   38e8	pbaseapp.elf
'Finished building: pbaseapp.elf.size'
' '
08:58:29 **** Incremental Build of configuration Debug for project pbaseapp ****
make all 
make: Nothing to be done for `all'.
09:01:44 **** Auto Build of configuration Debug for project pbaseapp ****
make all 
'Building file: ../src/pbaseapp.c'
'Invoking: MicroBlaze gcc compiler'
mb-gcc -Wall -O0 -g3 -c -fmessage-length=0 -MT"src/pbaseapp.o" -I../../pbaseapp_bsp/microblaze_0/include -mlittle-endian -mcpu=v10.0 -mxl-soft-mul -Wl,--no-relax -ffunction-sections -fdata-sections -MMD -MP -MF"src/pbaseapp.d" -MT"src/pbaseapp.o" -o "src/pbaseapp.o" "../src/pbaseapp.c"
'Finished building: ../src/pbaseapp.c'
' '
'Building target: pbaseapp.elf'
'Invoking: MicroBlaze gcc linker'
mb-gcc -Wl,-T -Wl,../src/lscript.ld -L../../pbaseapp_bsp/microblaze_0/lib -mlittle-endian -mcpu=v10.0 -mxl-soft-mul -Wl,--no-relax -Wl,--gc-sections -o "pbaseapp.elf"  ./src/pbaseapp.o   -Wl,--start-group,-lxil,-lgcc,-lc,--end-group
'Finished building target: pbaseapp.elf'
' '
'Invoking: MicroBlaze Print Size'
mb-size pbaseapp.elf  |tee "pbaseapp.elf.size"
   text	   data	    bss	    dec	    hex	filename
  10988	    340	   3152	  14480	   3890	pbaseapp.elf
'Finished building: pbaseapp.elf.size'
' '
09:02:18 **** Auto Build of configuration Debug for project pbaseapp ****
make all 
'Building file: ../src/pbaseapp.c'
'Invoking: MicroBlaze gcc compiler'
mb-gcc -Wall -O0 -g3 -c -fmessage-length=0 -MT"src/pbaseapp.o" -I../../pbaseapp_bsp/microblaze_0/include -mlittle-endian -mcpu=v10.0 -mxl-soft-mul -Wl,--no-relax -ffunction-sections -fdata-sections -MMD -MP -MF"src/pbaseapp.d" -MT"src/pbaseapp.o" -o "src/pbaseapp.o" "../src/pbaseapp.c"
'Finished building: ../src/pbaseapp.c'
' '
'Building target: pbaseapp.elf'
'Invoking: MicroBlaze gcc linker'
mb-gcc -Wl,-T -Wl,../src/lscript.ld -L../../pbaseapp_bsp/microblaze_0/lib -mlittle-endian -mcpu=v10.0 -mxl-soft-mul -Wl,--no-relax -Wl,--gc-sections -o "pbaseapp.elf"  ./src/pbaseapp.o   -Wl,--start-group,-lxil,-lgcc,-lc,--end-group
'Finished building target: pbaseapp.elf'
' '
'Invoking: MicroBlaze Print Size'
mb-size pbaseapp.elf  |tee "pbaseapp.elf.size"
   text	   data	    bss	    dec	    hex	filename
  10988	    340	   3152	  14480	   3890	pbaseapp.elf
'Finished building: pbaseapp.elf.size'
' '
10:06:00 **** Auto Build of project pbaseapp_bsp ****
make -k all 
"Running Make include in microblaze_0/libsrc/bram_v4_2/src"
make -C microblaze_0/libsrc/bram_v4_2/src -s include  "SHELL=CMD" "COMPILER=mb-gcc" "ARCHIVER=mb-ar" "COMPILER_FLAGS=  -O2 -c -mcpu=v10.0 -mlittle-endian -mxl-soft-mul" "EXTRA_COMPILER_FLAGS=-ffunction-sections -fdata-sections -Wall -Wextra"
"Running Make include in microblaze_0/libsrc/cpu_v2_7/src"
make -C microblaze_0/libsrc/cpu_v2_7/src -s include  "SHELL=CMD" "COMPILER=mb-gcc" "ARCHIVER=mb-ar" "COMPILER_FLAGS=  -O2 -c -mcpu=v10.0 -mlittle-endian -mxl-soft-mul" "EXTRA_COMPILER_FLAGS=-ffunction-sections -fdata-sections -Wall -Wextra"
"Running Make include in microblaze_0/libsrc/gpio_v4_3/src"
make -C microblaze_0/libsrc/gpio_v4_3/src -s include  "SHELL=CMD" "COMPILER=mb-gcc" "ARCHIVER=mb-ar" "COMPILER_FLAGS=  -O2 -c -mcpu=v10.0 -mlittle-endian -mxl-soft-mul" "EXTRA_COMPILER_FLAGS=-ffunction-sections -fdata-sections -Wall -Wextra"
"Running Make include in microblaze_0/libsrc/standalone_v6_7/src"
make -C microblaze_0/libsrc/standalone_v6_7/src -s include  "SHELL=CMD" "COMPILER=mb-gcc" "ARCHIVER=mb-ar" "COMPILER_FLAGS=  -O2 -c -mcpu=v10.0 -mlittle-endian -mxl-soft-mul" "EXTRA_COMPILER_FLAGS=-ffunction-sections -fdata-sections -Wall -Wextra"
"Running Make include in microblaze_0/libsrc/sysmon_v7_4/src"
make -C microblaze_0/libsrc/sysmon_v7_4/src -s include  "SHELL=CMD" "COMPILER=mb-gcc" "ARCHIVER=mb-ar" "COMPILER_FLAGS=  -O2 -c -mcpu=v10.0 -mlittle-endian -mxl-soft-mul" "EXTRA_COMPILER_FLAGS=-ffunction-sections -fdata-sections -Wall -Wextra"
"Running Make include in microblaze_0/libsrc/uartlite_v3_2/src"
make -C microblaze_0/libsrc/uartlite_v3_2/src -s include  "SHELL=CMD" "COMPILER=mb-gcc" "ARCHIVER=mb-ar" "COMPILER_FLAGS=  -O2 -c -mcpu=v10.0 -mlittle-endian -mxl-soft-mul" "EXTRA_COMPILER_FLAGS=-ffunction-sections -fdata-sections -Wall -Wextra"
"Running Make libs in microblaze_0/libsrc/bram_v4_2/src"
make -C microblaze_0/libsrc/bram_v4_2/src -s libs  "SHELL=CMD" "COMPILER=mb-gcc" "ARCHIVER=mb-ar" "COMPILER_FLAGS=  -O2 -c -mcpu=v10.0 -mlittle-endian -mxl-soft-mul" "EXTRA_COMPILER_FLAGS=-ffunction-sections -fdata-sections -Wall -Wextra"
"Compiling bram"
mb-ar: creating ../../../lib/libxil.a
"Running Make libs in microblaze_0/libsrc/cpu_v2_7/src"
make -C microblaze_0/libsrc/cpu_v2_7/src -s libs  "SHELL=CMD" "COMPILER=mb-gcc" "ARCHIVER=mb-ar" "COMPILER_FLAGS=  -O2 -c -mcpu=v10.0 -mlittle-endian -mxl-soft-mul" "EXTRA_COMPILER_FLAGS=-ffunction-sections -fdata-sections -Wall -Wextra"
"Compiling cpu"
"Running Make libs in microblaze_0/libsrc/gpio_v4_3/src"
make -C microblaze_0/libsrc/gpio_v4_3/src -s libs  "SHELL=CMD" "COMPILER=mb-gcc" "ARCHIVER=mb-ar" "COMPILER_FLAGS=  -O2 -c -mcpu=v10.0 -mlittle-endian -mxl-soft-mul" "EXTRA_COMPILER_FLAGS=-ffunction-sections -fdata-sections -Wall -Wextra"
"Compiling gpio"
"Running Make libs in microblaze_0/libsrc/standalone_v6_7/src"
make -C microblaze_0/libsrc/standalone_v6_7/src -s libs  "SHELL=CMD" "COMPILER=mb-gcc" "ARCHIVER=mb-ar" "COMPILER_FLAGS=  -O2 -c -mcpu=v10.0 -mlittle-endian -mxl-soft-mul" "EXTRA_COMPILER_FLAGS=-ffunction-sections -fdata-sections -Wall -Wextra"
"Compiling standalone";
microblaze_sleep.c:74:9: note: #pragma message: For the sleep routines, assembly instructions are used
 #pragma message ("For the sleep routines, assembly instructions are used")
         ^~~~~~~
"Running Make libs in microblaze_0/libsrc/sysmon_v7_4/src"
make -C microblaze_0/libsrc/sysmon_v7_4/src -s libs  "SHELL=CMD" "COMPILER=mb-gcc" "ARCHIVER=mb-ar" "COMPILER_FLAGS=  -O2 -c -mcpu=v10.0 -mlittle-endian -mxl-soft-mul" "EXTRA_COMPILER_FLAGS=-ffunction-sections -fdata-sections -Wall -Wextra"
"Compiling sysmon"
"Running Make libs in microblaze_0/libsrc/uartlite_v3_2/src"
make -C microblaze_0/libsrc/uartlite_v3_2/src -s libs  "SHELL=CMD" "COMPILER=mb-gcc" "ARCHIVER=mb-ar" "COMPILER_FLAGS=  -O2 -c -mcpu=v10.0 -mlittle-endian -mxl-soft-mul" "EXTRA_COMPILER_FLAGS=-ffunction-sections -fdata-sections -Wall -Wextra"
"Compiling uartlite"
'Finished building libraries'
10:06:10 **** Auto Build of configuration Debug for project pbaseapp ****
make all 
'Building file: ../src/pbaseapp.c'
'Invoking: MicroBlaze gcc compiler'
mb-gcc -Wall -O0 -g3 -c -fmessage-length=0 -MT"src/pbaseapp.o" -I../../pbaseapp_bsp/microblaze_0/include -mlittle-endian -mcpu=v10.0 -mxl-soft-mul -Wl,--no-relax -ffunction-sections -fdata-sections -MMD -MP -MF"src/pbaseapp.d" -MT"src/pbaseapp.o" -o "src/pbaseapp.o" "../src/pbaseapp.c"
'Finished building: ../src/pbaseapp.c'
' '
'Building target: pbaseapp.elf'
'Invoking: MicroBlaze gcc linker'
mb-gcc -Wl,-T -Wl,../src/lscript.ld -L../../pbaseapp_bsp/microblaze_0/lib -mlittle-endian -mcpu=v10.0 -mxl-soft-mul -Wl,--no-relax -Wl,--gc-sections -o "pbaseapp.elf"  ./src/pbaseapp.o   -Wl,--start-group,-lxil,-lgcc,-lc,--end-group
'Finished building target: pbaseapp.elf'
' '
'Invoking: MicroBlaze Print Size'
mb-size pbaseapp.elf  |tee "pbaseapp.elf.size"
   text	   data	    bss	    dec	    hex	filename
  10988	    340	   3152	  14480	   3890	pbaseapp.elf
'Finished building: pbaseapp.elf.size'
' '
10:07:29 **** Incremental Build of configuration Debug for project pbaseapp ****
make all 
make: Nothing to be done for `all'.
12:39:55 **** Auto Build of project pbaseapp_bsp ****
make -k all 
"Running Make include in microblaze_0/libsrc/bram_v4_2/src"
make -C microblaze_0/libsrc/bram_v4_2/src -s include  "SHELL=CMD" "COMPILER=mb-gcc" "ARCHIVER=mb-ar" "COMPILER_FLAGS=  -O2 -c -mcpu=v10.0 -mlittle-endian -mxl-soft-mul" "EXTRA_COMPILER_FLAGS=-ffunction-sections -fdata-sections -Wall -Wextra"
"Running Make include in microblaze_0/libsrc/cpu_v2_7/src"
make -C microblaze_0/libsrc/cpu_v2_7/src -s include  "SHELL=CMD" "COMPILER=mb-gcc" "ARCHIVER=mb-ar" "COMPILER_FLAGS=  -O2 -c -mcpu=v10.0 -mlittle-endian -mxl-soft-mul" "EXTRA_COMPILER_FLAGS=-ffunction-sections -fdata-sections -Wall -Wextra"
"Running Make include in microblaze_0/libsrc/gpio_v4_3/src"
make -C microblaze_0/libsrc/gpio_v4_3/src -s include  "SHELL=CMD" "COMPILER=mb-gcc" "ARCHIVER=mb-ar" "COMPILER_FLAGS=  -O2 -c -mcpu=v10.0 -mlittle-endian -mxl-soft-mul" "EXTRA_COMPILER_FLAGS=-ffunction-sections -fdata-sections -Wall -Wextra"
"Running Make include in microblaze_0/libsrc/standalone_v6_7/src"
make -C microblaze_0/libsrc/standalone_v6_7/src -s include  "SHELL=CMD" "COMPILER=mb-gcc" "ARCHIVER=mb-ar" "COMPILER_FLAGS=  -O2 -c -mcpu=v10.0 -mlittle-endian -mxl-soft-mul" "EXTRA_COMPILER_FLAGS=-ffunction-sections -fdata-sections -Wall -Wextra"
"Running Make include in microblaze_0/libsrc/sysmon_v7_4/src"
make -C microblaze_0/libsrc/sysmon_v7_4/src -s include  "SHELL=CMD" "COMPILER=mb-gcc" "ARCHIVER=mb-ar" "COMPILER_FLAGS=  -O2 -c -mcpu=v10.0 -mlittle-endian -mxl-soft-mul" "EXTRA_COMPILER_FLAGS=-ffunction-sections -fdata-sections -Wall -Wextra"
"Running Make include in microblaze_0/libsrc/uartlite_v3_2/src"
make -C microblaze_0/libsrc/uartlite_v3_2/src -s include  "SHELL=CMD" "COMPILER=mb-gcc" "ARCHIVER=mb-ar" "COMPILER_FLAGS=  -O2 -c -mcpu=v10.0 -mlittle-endian -mxl-soft-mul" "EXTRA_COMPILER_FLAGS=-ffunction-sections -fdata-sections -Wall -Wextra"
"Running Make libs in microblaze_0/libsrc/bram_v4_2/src"
make -C microblaze_0/libsrc/bram_v4_2/src -s libs  "SHELL=CMD" "COMPILER=mb-gcc" "ARCHIVER=mb-ar" "COMPILER_FLAGS=  -O2 -c -mcpu=v10.0 -mlittle-endian -mxl-soft-mul" "EXTRA_COMPILER_FLAGS=-ffunction-sections -fdata-sections -Wall -Wextra"
"Compiling bram"
"Running Make libs in microblaze_0/libsrc/cpu_v2_7/src"
make -C microblaze_0/libsrc/cpu_v2_7/src -s libs  "SHELL=CMD" "COMPILER=mb-gcc" "ARCHIVER=mb-ar" "COMPILER_FLAGS=  -O2 -c -mcpu=v10.0 -mlittle-endian -mxl-soft-mul" "EXTRA_COMPILER_FLAGS=-ffunction-sections -fdata-sections -Wall -Wextra"
"Compiling cpu"
"Running Make libs in microblaze_0/libsrc/gpio_v4_3/src"
make -C microblaze_0/libsrc/gpio_v4_3/src -s libs  "SHELL=CMD" "COMPILER=mb-gcc" "ARCHIVER=mb-ar" "COMPILER_FLAGS=  -O2 -c -mcpu=v10.0 -mlittle-endian -mxl-soft-mul" "EXTRA_COMPILER_FLAGS=-ffunction-sections -fdata-sections -Wall -Wextra"
"Compiling gpio"
"Running Make libs in microblaze_0/libsrc/standalone_v6_7/src"
make -C microblaze_0/libsrc/standalone_v6_7/src -s libs  "SHELL=CMD" "COMPILER=mb-gcc" "ARCHIVER=mb-ar" "COMPILER_FLAGS=  -O2 -c -mcpu=v10.0 -mlittle-endian -mxl-soft-mul" "EXTRA_COMPILER_FLAGS=-ffunction-sections -fdata-sections -Wall -Wextra"
"Compiling standalone";
microblaze_sleep.c:74:9: note: #pragma message: For the sleep routines, assembly instructions are used
 #pragma message ("For the sleep routines, assembly instructions are used")
         ^~~~~~~
"Running Make libs in microblaze_0/libsrc/sysmon_v7_4/src"
make -C microblaze_0/libsrc/sysmon_v7_4/src -s libs  "SHELL=CMD" "COMPILER=mb-gcc" "ARCHIVER=mb-ar" "COMPILER_FLAGS=  -O2 -c -mcpu=v10.0 -mlittle-endian -mxl-soft-mul" "EXTRA_COMPILER_FLAGS=-ffunction-sections -fdata-sections -Wall -Wextra"
"Compiling sysmon"
"Running Make libs in microblaze_0/libsrc/uartlite_v3_2/src"
make -C microblaze_0/libsrc/uartlite_v3_2/src -s libs  "SHELL=CMD" "COMPILER=mb-gcc" "ARCHIVER=mb-ar" "COMPILER_FLAGS=  -O2 -c -mcpu=v10.0 -mlittle-endian -mxl-soft-mul" "EXTRA_COMPILER_FLAGS=-ffunction-sections -fdata-sections -Wall -Wextra"
"Compiling uartlite"
'Finished building libraries'
12:40:06 **** Auto Build of configuration Debug for project pbaseapp ****
make all 
'Building file: ../src/pbaseapp.c'
'Invoking: MicroBlaze gcc compiler'
mb-gcc -Wall -O0 -g3 -c -fmessage-length=0 -MT"src/pbaseapp.o" -I../../pbaseapp_bsp/microblaze_0/include -mlittle-endian -mcpu=v10.0 -mxl-soft-mul -Wl,--no-relax -ffunction-sections -fdata-sections -MMD -MP -MF"src/pbaseapp.d" -MT"src/pbaseapp.o" -o "src/pbaseapp.o" "../src/pbaseapp.c"
'Finished building: ../src/pbaseapp.c'
' '
'Building target: pbaseapp.elf'
'Invoking: MicroBlaze gcc linker'
mb-gcc -Wl,-T -Wl,../src/lscript.ld -L../../pbaseapp_bsp/microblaze_0/lib -mlittle-endian -mcpu=v10.0 -mxl-soft-mul -Wl,--no-relax -Wl,--gc-sections -o "pbaseapp.elf"  ./src/pbaseapp.o   -Wl,--start-group,-lxil,-lgcc,-lc,--end-group
'Finished building target: pbaseapp.elf'
' '
'Invoking: MicroBlaze Print Size'
mb-size pbaseapp.elf  |tee "pbaseapp.elf.size"
   text	   data	    bss	    dec	    hex	filename
  10988	    340	   3152	  14480	   3890	pbaseapp.elf
'Finished building: pbaseapp.elf.size'
' '
12:42:43 **** Clean-only build of project pbaseapp_bsp ****
make -k clean 
make -C microblaze_0/libsrc/bram_v4_2/src -s clean 
make -C microblaze_0/libsrc/cpu_v2_7/src -s clean 
make -C microblaze_0/libsrc/gpio_v4_3/src -s clean 
make -C microblaze_0/libsrc/standalone_v6_7/src -s clean 
make -C microblaze_0/libsrc/sysmon_v7_4/src -s clean 
make -C microblaze_0/libsrc/uartlite_v3_2/src -s clean 
rm -f microblaze_0/lib/libxil.a
12:42:44 **** Clean-only build of configuration Debug for project pbaseapp ****
make clean 
rm -rf  ./src/pbaseapp.o  ./src/pbaseapp.d  pbaseapp.elf.size  pbaseapp.elf
' '
12:42:45 **** Build of project pbaseapp_bsp ****
make -k all 
"Running Make include in microblaze_0/libsrc/bram_v4_2/src"
make -C microblaze_0/libsrc/bram_v4_2/src -s include  "SHELL=CMD" "COMPILER=mb-gcc" "ARCHIVER=mb-ar" "COMPILER_FLAGS=  -O2 -c -mcpu=v10.0 -mlittle-endian -mxl-soft-mul" "EXTRA_COMPILER_FLAGS=-ffunction-sections -fdata-sections -Wall -Wextra"
"Running Make include in microblaze_0/libsrc/cpu_v2_7/src"
make -C microblaze_0/libsrc/cpu_v2_7/src -s include  "SHELL=CMD" "COMPILER=mb-gcc" "ARCHIVER=mb-ar" "COMPILER_FLAGS=  -O2 -c -mcpu=v10.0 -mlittle-endian -mxl-soft-mul" "EXTRA_COMPILER_FLAGS=-ffunction-sections -fdata-sections -Wall -Wextra"
"Running Make include in microblaze_0/libsrc/gpio_v4_3/src"
make -C microblaze_0/libsrc/gpio_v4_3/src -s include  "SHELL=CMD" "COMPILER=mb-gcc" "ARCHIVER=mb-ar" "COMPILER_FLAGS=  -O2 -c -mcpu=v10.0 -mlittle-endian -mxl-soft-mul" "EXTRA_COMPILER_FLAGS=-ffunction-sections -fdata-sections -Wall -Wextra"
"Running Make include in microblaze_0/libsrc/standalone_v6_7/src"
make -C microblaze_0/libsrc/standalone_v6_7/src -s include  "SHELL=CMD" "COMPILER=mb-gcc" "ARCHIVER=mb-ar" "COMPILER_FLAGS=  -O2 -c -mcpu=v10.0 -mlittle-endian -mxl-soft-mul" "EXTRA_COMPILER_FLAGS=-ffunction-sections -fdata-sections -Wall -Wextra"
"Running Make include in microblaze_0/libsrc/sysmon_v7_4/src"
make -C microblaze_0/libsrc/sysmon_v7_4/src -s include  "SHELL=CMD" "COMPILER=mb-gcc" "ARCHIVER=mb-ar" "COMPILER_FLAGS=  -O2 -c -mcpu=v10.0 -mlittle-endian -mxl-soft-mul" "EXTRA_COMPILER_FLAGS=-ffunction-sections -fdata-sections -Wall -Wextra"
"Running Make include in microblaze_0/libsrc/uartlite_v3_2/src"
make -C microblaze_0/libsrc/uartlite_v3_2/src -s include  "SHELL=CMD" "COMPILER=mb-gcc" "ARCHIVER=mb-ar" "COMPILER_FLAGS=  -O2 -c -mcpu=v10.0 -mlittle-endian -mxl-soft-mul" "EXTRA_COMPILER_FLAGS=-ffunction-sections -fdata-sections -Wall -Wextra"
"Running Make libs in microblaze_0/libsrc/bram_v4_2/src"
make -C microblaze_0/libsrc/bram_v4_2/src -s libs  "SHELL=CMD" "COMPILER=mb-gcc" "ARCHIVER=mb-ar" "COMPILER_FLAGS=  -O2 -c -mcpu=v10.0 -mlittle-endian -mxl-soft-mul" "EXTRA_COMPILER_FLAGS=-ffunction-sections -fdata-sections -Wall -Wextra"
"Compiling bram"
mb-ar: creating ../../../lib/libxil.a
"Running Make libs in microblaze_0/libsrc/cpu_v2_7/src"
make -C microblaze_0/libsrc/cpu_v2_7/src -s libs  "SHELL=CMD" "COMPILER=mb-gcc" "ARCHIVER=mb-ar" "COMPILER_FLAGS=  -O2 -c -mcpu=v10.0 -mlittle-endian -mxl-soft-mul" "EXTRA_COMPILER_FLAGS=-ffunction-sections -fdata-sections -Wall -Wextra"
"Compiling cpu"
"Running Make libs in microblaze_0/libsrc/gpio_v4_3/src"
make -C microblaze_0/libsrc/gpio_v4_3/src -s libs  "SHELL=CMD" "COMPILER=mb-gcc" "ARCHIVER=mb-ar" "COMPILER_FLAGS=  -O2 -c -mcpu=v10.0 -mlittle-endian -mxl-soft-mul" "EXTRA_COMPILER_FLAGS=-ffunction-sections -fdata-sections -Wall -Wextra"
"Compiling gpio"
"Running Make libs in microblaze_0/libsrc/standalone_v6_7/src"
make -C microblaze_0/libsrc/standalone_v6_7/src -s libs  "SHELL=CMD" "COMPILER=mb-gcc" "ARCHIVER=mb-ar" "COMPILER_FLAGS=  -O2 -c -mcpu=v10.0 -mlittle-endian -mxl-soft-mul" "EXTRA_COMPILER_FLAGS=-ffunction-sections -fdata-sections -Wall -Wextra"
"Compiling standalone";
microblaze_sleep.c:74:9: note: #pragma message: For the sleep routines, assembly instructions are used
 #pragma message ("For the sleep routines, assembly instructions are used")
         ^~~~~~~
"Running Make libs in microblaze_0/libsrc/sysmon_v7_4/src"
make -C microblaze_0/libsrc/sysmon_v7_4/src -s libs  "SHELL=CMD" "COMPILER=mb-gcc" "ARCHIVER=mb-ar" "COMPILER_FLAGS=  -O2 -c -mcpu=v10.0 -mlittle-endian -mxl-soft-mul" "EXTRA_COMPILER_FLAGS=-ffunction-sections -fdata-sections -Wall -Wextra"
"Compiling sysmon"
"Running Make libs in microblaze_0/libsrc/uartlite_v3_2/src"
make -C microblaze_0/libsrc/uartlite_v3_2/src -s libs  "SHELL=CMD" "COMPILER=mb-gcc" "ARCHIVER=mb-ar" "COMPILER_FLAGS=  -O2 -c -mcpu=v10.0 -mlittle-endian -mxl-soft-mul" "EXTRA_COMPILER_FLAGS=-ffunction-sections -fdata-sections -Wall -Wextra"
"Compiling uartlite"
'Finished building libraries'
12:42:54 **** Build of configuration Debug for project pbaseapp ****
make all 
'Building file: ../src/pbaseapp.c'
'Invoking: MicroBlaze gcc compiler'
mb-gcc -Wall -O0 -g3 -c -fmessage-length=0 -MT"src/pbaseapp.o" -I../../pbaseapp_bsp/microblaze_0/include -mlittle-endian -mcpu=v10.0 -mxl-soft-mul -Wl,--no-relax -ffunction-sections -fdata-sections -MMD -MP -MF"src/pbaseapp.d" -MT"src/pbaseapp.o" -o "src/pbaseapp.o" "../src/pbaseapp.c"
'Finished building: ../src/pbaseapp.c'
' '
'Building target: pbaseapp.elf'
'Invoking: MicroBlaze gcc linker'
mb-gcc -Wl,-T -Wl,../src/lscript.ld -L../../pbaseapp_bsp/microblaze_0/lib -mlittle-endian -mcpu=v10.0 -mxl-soft-mul -Wl,--no-relax -Wl,--gc-sections -o "pbaseapp.elf"  ./src/pbaseapp.o   -Wl,--start-group,-lxil,-lgcc,-lc,--end-group
'Finished building target: pbaseapp.elf'
' '
'Invoking: MicroBlaze Print Size'
mb-size pbaseapp.elf  |tee "pbaseapp.elf.size"
   text	   data	    bss	    dec	    hex	filename
  11072	    372	   3148	  14592	   3900	pbaseapp.elf
'Finished building: pbaseapp.elf.size'
' '
12:49:00 **** Incremental Build of configuration Debug for project pbaseapp ****
make all 
make: Nothing to be done for `all'.
12:49:24 **** Auto Build of configuration Debug for project pbaseapp ****
make all 
'Building file: ../src/pbaseapp.c'
'Invoking: MicroBlaze gcc compiler'
mb-gcc -Wall -O0 -g3 -c -fmessage-length=0 -MT"src/pbaseapp.o" -I../../pbaseapp_bsp/microblaze_0/include -mlittle-endian -mcpu=v10.0 -mxl-soft-mul -Wl,--no-relax -ffunction-sections -fdata-sections -MMD -MP -MF"src/pbaseapp.d" -MT"src/pbaseapp.o" -o "src/pbaseapp.o" "../src/pbaseapp.c"
../src/pbaseapp.c: In function 'main':
../src/pbaseapp.c:108:3: warning: implicit declaration of function 'sleep'; did you mean 'strsep'? [-Wimplicit-function-declaration]
   sleep(1);
   ^~~~~
   strsep
'Finished building: ../src/pbaseapp.c'
' '
'Building target: pbaseapp.elf'
'Invoking: MicroBlaze gcc linker'
mb-gcc -Wl,-T -Wl,../src/lscript.ld -L../../pbaseapp_bsp/microblaze_0/lib -mlittle-endian -mcpu=v10.0 -mxl-soft-mul -Wl,--no-relax -Wl,--gc-sections -o "pbaseapp.elf"  ./src/pbaseapp.o   -Wl,--start-group,-lxil,-lgcc,-lc,--end-group
'Finished building target: pbaseapp.elf'
' '
'Invoking: MicroBlaze Print Size'
mb-size pbaseapp.elf  |tee "pbaseapp.elf.size"
   text	   data	    bss	    dec	    hex	filename
  11164	    372	   3152	  14688	   3960	pbaseapp.elf
'Finished building: pbaseapp.elf.size'
' '
12:50:47 **** Incremental Build of configuration Debug for project pbaseapp ****
make all 
make: Nothing to be done for `all'.
12:52:25 **** Auto Build of project pbaseapp_bsp ****
make -k all 
"Running Make include in microblaze_0/libsrc/bram_v4_2/src"
make -C microblaze_0/libsrc/bram_v4_2/src -s include  "SHELL=CMD" "COMPILER=mb-gcc" "ARCHIVER=mb-ar" "COMPILER_FLAGS=  -O2 -c -mcpu=v10.0 -mlittle-endian -mxl-soft-mul" "EXTRA_COMPILER_FLAGS=-ffunction-sections -fdata-sections -Wall -Wextra"
"Running Make include in microblaze_0/libsrc/cpu_v2_7/src"
make -C microblaze_0/libsrc/cpu_v2_7/src -s include  "SHELL=CMD" "COMPILER=mb-gcc" "ARCHIVER=mb-ar" "COMPILER_FLAGS=  -O2 -c -mcpu=v10.0 -mlittle-endian -mxl-soft-mul" "EXTRA_COMPILER_FLAGS=-ffunction-sections -fdata-sections -Wall -Wextra"
"Running Make include in microblaze_0/libsrc/gpio_v4_3/src"
make -C microblaze_0/libsrc/gpio_v4_3/src -s include  "SHELL=CMD" "COMPILER=mb-gcc" "ARCHIVER=mb-ar" "COMPILER_FLAGS=  -O2 -c -mcpu=v10.0 -mlittle-endian -mxl-soft-mul" "EXTRA_COMPILER_FLAGS=-ffunction-sections -fdata-sections -Wall -Wextra"
"Running Make include in microblaze_0/libsrc/standalone_v6_7/src"
make -C microblaze_0/libsrc/standalone_v6_7/src -s include  "SHELL=CMD" "COMPILER=mb-gcc" "ARCHIVER=mb-ar" "COMPILER_FLAGS=  -O2 -c -mcpu=v10.0 -mlittle-endian -mxl-soft-mul" "EXTRA_COMPILER_FLAGS=-ffunction-sections -fdata-sections -Wall -Wextra"
"Running Make include in microblaze_0/libsrc/sysmon_v7_4/src"
make -C microblaze_0/libsrc/sysmon_v7_4/src -s include  "SHELL=CMD" "COMPILER=mb-gcc" "ARCHIVER=mb-ar" "COMPILER_FLAGS=  -O2 -c -mcpu=v10.0 -mlittle-endian -mxl-soft-mul" "EXTRA_COMPILER_FLAGS=-ffunction-sections -fdata-sections -Wall -Wextra"
"Running Make include in microblaze_0/libsrc/uartlite_v3_2/src"
make -C microblaze_0/libsrc/uartlite_v3_2/src -s include  "SHELL=CMD" "COMPILER=mb-gcc" "ARCHIVER=mb-ar" "COMPILER_FLAGS=  -O2 -c -mcpu=v10.0 -mlittle-endian -mxl-soft-mul" "EXTRA_COMPILER_FLAGS=-ffunction-sections -fdata-sections -Wall -Wextra"
"Running Make libs in microblaze_0/libsrc/bram_v4_2/src"
make -C microblaze_0/libsrc/bram_v4_2/src -s libs  "SHELL=CMD" "COMPILER=mb-gcc" "ARCHIVER=mb-ar" "COMPILER_FLAGS=  -O2 -c -mcpu=v10.0 -mlittle-endian -mxl-soft-mul" "EXTRA_COMPILER_FLAGS=-ffunction-sections -fdata-sections -Wall -Wextra"
"Compiling bram"
In file included from ../../../include/xil_printf.h:12:0,
                 from ../../../include/xil_io.h:65,
                 from xbram_hw.h:63,
                 from xbram.h:139,
                 from xbram.c:62:
../../../include/xparameters.h:1:0: error: unterminated #ifndef
 #ifndef XPARAMETERS_H   /* prevent circular inclusions */
 
In file included from ../../../include/xil_io.h:65:0,
                 from xbram_hw.h:63,
                 from xbram.h:139,
                 from xbram.c:62:
../../../include/xil_printf.h:13:10: fatal error: bspconfig.h: No such file or directory
 #include "bspconfig.h"
          ^~~~~~~~~~~~~
compilation terminated.
In file included from ../../../include/xil_printf.h:12:0,
                 from ../../../include/xil_io.h:65,
                 from xbram_hw.h:63,
                 from xbram.h:139,
                 from xbram_g.c:54:
../../../include/xparameters.h:1:0: error: unterminated #ifndef
 #ifndef XPARAMETERS_H   /* prevent circular inclusions */
 
In file included from ../../../include/xil_io.h:65:0,
                 from xbram_hw.h:63,
                 from xbram.h:139,
                 from xbram_g.c:54:
../../../include/xil_printf.h:13:10: fatal error: bspconfig.h: No such file or directory
 #include "bspconfig.h"
          ^~~~~~~~~~~~~
compilation terminated.
In file included from ../../../include/xil_printf.h:12:0,
                 from ../../../include/xil_io.h:65,
                 from xbram_hw.h:63,
                 from xbram.h:139,
                 from xbram_intr.c:58:
../../../include/xparameters.h:1:0: error: unterminated #ifndef
 #ifndef XPARAMETERS_H   /* prevent circular inclusions */
 
In file included from ../../../include/xil_io.h:65:0,
                 from xbram_hw.h:63,
                 from xbram.h:139,
                 from xbram_intr.c:58:
../../../include/xil_printf.h:13:10: fatal error: bspconfig.h: No such file or directory
 #include "bspconfig.h"
          ^~~~~~~~~~~~~
compilation terminated.
In file included from ../../../include/xil_printf.h:12:0,
                 from ../../../include/xil_io.h:65,
                 from xbram_hw.h:63,
                 from xbram.h:139,
                 from xbram_selftest.c:72:
../../../include/xparameters.h:1:0: error: unterminated #ifndef
 #ifndef XPARAMETERS_H   /* prevent circular inclusions */
 
In file included from ../../../include/xil_io.h:65:0,
                 from xbram_hw.h:63,
                 from xbram.h:139,
                 from xbram_selftest.c:72:
../../../include/xil_printf.h:13:10: fatal error: bspconfig.h: No such file or directory
 #include "bspconfig.h"
          ^~~~~~~~~~~~~
"Running Make libs in microblaze_0/libsrc/cpu_v2_7/src"
compilation terminated.
make -C microblaze_0/libsrc/cpu_v2_7/src -s libs  "SHELL=CMD" "COMPILER=mb-gcc" "ARCHIVER=mb-ar" "COMPILER_FLAGS=  -O2 -c -mcpu=v10.0 -mlittle-endian -mxl-soft-mul" "EXTRA_COMPILER_FLAGS=-ffunction-sections -fdata-sections -Wall -Wextra"
In file included from xbram_sinit.c:60:0:
../../../include/xparameters.h:1:0: error: unterminated #ifndef
 #ifndef XPARAMETERS_H   /* prevent circular inclusions */
 
In file included from ../../../include/xil_printf.h:12:0,
                 from ../../../include/xil_io.h:65,
                 from xbram_hw.h:63,
                 from xbram.h:139,
"Compiling cpu"
                 from xbram_sinit.c:61:
../../../include/xparameters.h:1:0: error: unterminated #ifndef
 #ifndef XPARAMETERS_H   /* prevent circular inclusions */
 
In file included from ../../../include/xil_io.h:65:0,
                 from xbram_hw.h:63,
                 from xbram.h:139,
                 from xbram_sinit.c:61:
../../../include/xil_printf.h:13:10: fatal error: bspconfig.h: No such file or directory
 #include "bspconfig.h"
          ^~~~~~~~~~~~~
compilation terminated.
make[1]: *** [libs] Error 1
make: *** [microblaze_0/libsrc/bram_v4_2/src/make.libs] Error 2
mb-ar: creating ../../../lib/libxil.a
"Running Make libs in microblaze_0/libsrc/gpio_v4_3/src"
make -C microblaze_0/libsrc/gpio_v4_3/src -s libs  "SHELL=CMD" "COMPILER=mb-gcc" "ARCHIVER=mb-ar" "COMPILER_FLAGS=  -O2 -c -mcpu=v10.0 -mlittle-endian -mxl-soft-mul" "EXTRA_COMPILER_FLAGS=-ffunction-sections -fdata-sections -Wall -Wextra"
"Compiling gpio"
In file included from ../../../include/xil_printf.h:12:0,
                 from ../../../include/xil_io.h:65,
                 from xgpio_l.h:87,
                 from xgpio.h:136,
                 from xgpio.c:74:
../../../include/xparameters.h:1:0: error: unterminated #ifndef
 #ifndef XPARAMETERS_H   /* prevent circular inclusions */
 
In file included from ../../../include/xil_io.h:65:0,
                 from xgpio_l.h:87,
                 from xgpio.h:136,
                 from xgpio.c:74:
../../../include/xil_printf.h:13:10: fatal error: bspconfig.h: No such file or directory
 #include "bspconfig.h"
          ^~~~~~~~~~~~~
compilation terminated.
In file included from ../../../include/xil_printf.h:12:0,
                 from ../../../include/xil_io.h:65,
                 from xgpio_l.h:87,
                 from xgpio.h:136,
                 from xgpio_extra.c:64:
../../../include/xparameters.h:1:0: error: unterminated #ifndef
 #ifndef XPARAMETERS_H   /* prevent circular inclusions */
 
In file included from ../../../include/xil_io.h:65:0,
                 from xgpio_l.h:87,
                 from xgpio.h:136,
                 from xgpio_extra.c:64:
../../../include/xil_printf.h:13:10: fatal error: bspconfig.h: No such file or directory
 #include "bspconfig.h"
          ^~~~~~~~~~~~~
compilation terminated.
In file included from ../../../include/xil_printf.h:12:0,
                 from ../../../include/xil_io.h:65,
                 from xgpio_l.h:87,
                 from xgpio.h:136,
                 from xgpio_g.c:58:
../../../include/xparameters.h:1:0: error: unterminated #ifndef
 #ifndef XPARAMETERS_H   /* prevent circular inclusions */
 
In file included from ../../../include/xil_io.h:65:0,
                 from xgpio_l.h:87,
                 from xgpio.h:136,
                 from xgpio_g.c:58:
../../../include/xil_printf.h:13:10: fatal error: bspconfig.h: No such file or directory
 #include "bspconfig.h"
          ^~~~~~~~~~~~~
compilation terminated.
In file included from ../../../include/xil_printf.h:12:0,
                 from ../../../include/xil_io.h:65,
                 from xgpio_l.h:87,
                 from xgpio.h:136,
                 from xgpio_intr.c:63:
../../../include/xparameters.h:1:0: error: unterminated #ifndef
 #ifndef XPARAMETERS_H   /* prevent circular inclusions */
 
In file included from ../../../include/xil_io.h:65:0,
                 from xgpio_l.h:87,
                 from xgpio.h:136,
                 from xgpio_intr.c:63:
../../../include/xil_printf.h:13:10: fatal error: bspconfig.h: No such file or directory
 #include "bspconfig.h"
          ^~~~~~~~~~~~~
compilation terminated.
In file included from ../../../include/xil_printf.h:12:0,
                 from ../../../include/xil_io.h:65,
                 from xgpio_l.h:87,
                 from xgpio.h:136,
                 from xgpio_selftest.c:59:
../../../include/xparameters.h:1:0: error: unterminated #ifndef
 #ifndef XPARAMETERS_H   /* prevent circular inclusions */
 
In file included from ../../../include/xil_io.h:65:0,
                 from xgpio_l.h:87,
                 from xgpio.h:136,
                 from xgpio_selftest.c:59:
../../../include/xil_printf.h:13:10: fatal error: bspconfig.h: No such file or directory
 #include "bspconfig.h"
          ^~~~~~~~~~~~~
"Running Make libs in microblaze_0/libsrc/standalone_v6_7/src"
compilation terminated.
make -C microblaze_0/libsrc/standalone_v6_7/src -s libs  "SHELL=CMD" "COMPILER=mb-gcc" "ARCHIVER=mb-ar" "COMPILER_FLAGS=  -O2 -c -mcpu=v10.0 -mlittle-endian -mxl-soft-mul" "EXTRA_COMPILER_FLAGS=-ffunction-sections -fdata-sections -Wall -Wextra"
In file included from xgpio_sinit.c:61:0:
../../../include/xparameters.h:1:0: error: unterminated #ifndef
 #ifndef XPARAMETERS_H   /* prevent circular inclusions */
 
In file included from ../../../include/xil_printf.h:12:0,
                 from ../../../include/xil_io.h:65,
                 from xgpio_l.h:87,
                 from xgpio.h:136,
                 from xgpio_i.h:64,
                 from xgpio_sinit.c:62:
../../../include/xparameters.h:1:0: error: unterminated #ifndef
 #ifndef XPARAMETERS_H   /* prevent circular inclusions */
 
In file included from ../../../include/xil_io.h:65:0,
                 from xgpio_l.h:87,
                 from xgpio.h:136,
                 from xgpio_i.h:64,
                 from xgpio_sinit.c:62:
../../../include/xil_printf.h:13:10: fatal error: bspconfig.h: No such file or directory
 #include "bspconfig.h"
          ^~~~~~~~~~~~~
compilation terminated.
make[1]: *** [libs] Error 1
make: *** [microblaze_0/libsrc/gpio_v4_3/src/make.libs] Error 2
"Compiling standalone";
In file included from microblaze_interrupts_g.c:51:0:
../../../include/xparameters.h:1:0: error: unterminated #ifndef
 #ifndef XPARAMETERS_H   /* prevent circular inclusions */
 
In file included from microblaze_sleep.h:70:0,
                 from microblaze_sleep.c:60:
../../../include/xparameters.h:1:0: error: unterminated #ifndef
 #ifndef XPARAMETERS_H   /* prevent circular inclusions */
 
In file included from xil_printf.h:12:0,
                 from xil_io.h:65,
                 from sleep.h:56,
                 from microblaze_sleep.h:71,
                 from microblaze_sleep.c:60:
../../../include/xparameters.h:1:0: error: unterminated #ifndef
 #ifndef XPARAMETERS_H   /* prevent circular inclusions */
 
In file included from xil_io.h:65:0,
                 from sleep.h:56,
                 from microblaze_sleep.h:71,
                 from microblaze_sleep.c:60:
xil_printf.h:13:10: fatal error: bspconfig.h: No such file or directory
 #include "bspconfig.h"
          ^~~~~~~~~~~~~
compilation terminated.
In file included from xil_printf.h:12:0,
                 from print.c:20:
../../../include/xparameters.h:1:0: error: unterminated #ifndef
 #ifndef XPARAMETERS_H   /* prevent circular inclusions */
 
In file included from print.c:20:0:
xil_printf.h:13:10: fatal error: bspconfig.h: No such file or directory
 #include "bspconfig.h"
          ^~~~~~~~~~~~~
compilation terminated.
In file included from pvr.c:41:0:
../../../include/xparameters.h:1:0: error: unterminated #ifndef
 #ifndef XPARAMETERS_H   /* prevent circular inclusions */
 
In file included from pvr.h:63:0,
                 from pvr.c:42:
../../../include/xparameters.h:1:0: error: unterminated #ifndef
 #ifndef XPARAMETERS_H   /* prevent circular inclusions */
 
In file included from pvr.c:42:0:
pvr.h:65:10: fatal error: bspconfig.h: No such file or directory
 #include "bspconfig.h"
          ^~~~~~~~~~~~~
compilation terminated.
In file included from xil_cache.h:78:0,
                 from xil_cache.c:57:
../../../include/xparameters.h:1:0: error: unterminated #ifndef
 #ifndef XPARAMETERS_H   /* prevent circular inclusions */
 
In file included from xil_printf.h:12:0,
                 from xil_io.h:65,
                 from xil_io.c:55:
../../../include/xparameters.h:1:0: error: unterminated #ifndef
 #ifndef XPARAMETERS_H   /* prevent circular inclusions */
 
In file included from xil_io.h:65:0,
                 from xil_io.c:55:
xil_printf.h:13:10: fatal error: bspconfig.h: No such file or directory
 #include "bspconfig.h"
          ^~~~~~~~~~~~~
compilation terminated.
In file included from xil_printf.h:12:0,
                 from xil_io.h:65,
                 from xil_misc_psreset_api.h:58,
                 from xil_misc_psreset_api.c:55:
../../../include/xparameters.h:1:0: error: unterminated #ifndef
 #ifndef XPARAMETERS_H   /* prevent circular inclusions */
 
In file included from xil_io.h:65:0,
                 from xil_misc_psreset_api.h:58,
                 from xil_misc_psreset_api.c:55:
xil_printf.h:13:10: fatal error: bspconfig.h: No such file or directory
 #include "bspconfig.h"
          ^~~~~~~~~~~~~
compilation terminated.
In file included from xil_printf.h:12:0,
                 from xil_printf.c:8:
../../../include/xparameters.h:1:0: error: unterminated #ifndef
 #ifndef XPARAMETERS_H   /* prevent circular inclusions */
 
In file included from xil_printf.c:8:0:
xil_printf.h:13:10: fatal error: bspconfig.h: No such file or directory
 #include "bspconfig.h"
          ^~~~~~~~~~~~~
compilation terminated.
In file included from xil_printf.h:12:0,
                 from xil_io.h:65,
                 from xil_sleepcommon.c:50:
../../../include/xparameters.h:1:0: error: unterminated #ifndef
 #ifndef XPARAMETERS_H   /* prevent circular inclusions */
 
In file included from xil_io.h:65:0,
                 from xil_sleepcommon.c:50:
xil_printf.h:13:10: fatal error: bspconfig.h: No such file or directory
 #include "bspconfig.h"
          ^~~~~~~~~~~~~
compilation terminated.
In file included from xil_printf.h:12:0,
                 from xil_io.h:65,
                 from xil_testio.c:52:
../../../include/xparameters.h:1:0: error: unterminated #ifndef
 #ifndef XPARAMETERS_H   /* prevent circular inclusions */
 
In file included from xil_io.h:65:0,
                 from xil_testio.c:52:
xil_printf.h:13:10: fatal error: bspconfig.h: No such file or directory
 #include "bspconfig.h"
          ^~~~~~~~~~~~~
compilation terminated.
In file included from xil_printf.h:12:0,
                 from xil_io.h:65,
                 from xil_testmem.c:51:
../../../include/xparameters.h:1:0: error: unterminated #ifndef
 #ifndef XPARAMETERS_H   /* prevent circular inclusions */
 
In file included from xil_io.h:65:0,
                 from xil_testmem.c:51:
xil_printf.h:13:10: fatal error: bspconfig.h: No such file or directory
 #include "bspconfig.h"
          ^~~~~~~~~~~~~
compilation terminated.
In file included from xil_printf.h:12:0,
                 from xil_io.h:65,
                 from xplatform_info.c:62:
../../../include/xparameters.h:1:0: error: unterminated #ifndef
 #ifndef XPARAMETERS_H   /* prevent circular inclusions */
 
In file included from xil_io.h:65:0,
                 from xplatform_info.c:62:
xil_printf.h:13:10: fatal error: bspconfig.h: No such file or directory
 #include "bspconfig.h"
          ^~~~~~~~~~~~~
compilation terminated.
In file included from hw_exception_handler.S:44:0:
../../../include/xparameters.h:1:0: error: unterminated #ifndef
 #ifndef XPARAMETERS_H   /* prevent circular inclusions */
 
In file included from microblaze_disable_dcache.S:43:0:
../../../include/xparameters.h:1:0: error: unterminated #ifndef
 #ifndef XPARAMETERS_H   /* prevent circular inclusions */
 
In file included from microblaze_disable_exceptions.S:39:0:
../../../include/xparameters.h:1:0: error: unterminated #ifndef
 #ifndef XPARAMETERS_H   /* prevent circular inclusions */
 
In file included from microblaze_disable_icache.S:45:0:
../../../include/xparameters.h:1:0: error: unterminated #ifndef
 #ifndef XPARAMETERS_H   /* prevent circular inclusions */
 
In file included from microblaze_disable_interrupts.S:56:0:
../../../include/xparameters.h:1:0: error: unterminated #ifndef
 #ifndef XPARAMETERS_H   /* prevent circular inclusions */
 
In file included from microblaze_enable_dcache.S:45:0:
../../../include/xparameters.h:1:0: error: unterminated #ifndef
 #ifndef XPARAMETERS_H   /* prevent circular inclusions */
 
In file included from microblaze_enable_exceptions.S:39:0:
../../../include/xparameters.h:1:0: error: unterminated #ifndef
 #ifndef XPARAMETERS_H   /* prevent circular inclusions */
 
In file included from microblaze_enable_icache.S:44:0:
../../../include/xparameters.h:1:0: error: unterminated #ifndef
 #ifndef XPARAMETERS_H   /* prevent circular inclusions */
 
In file included from microblaze_enable_interrupts.S:57:0:
../../../include/xparameters.h:1:0: error: unterminated #ifndef
 #ifndef XPARAMETERS_H   /* prevent circular inclusions */
 
In file included from microblaze_flush_cache_ext.S:41:0:
../../../include/xparameters.h:1:0: error: unterminated #ifndef
 #ifndef XPARAMETERS_H   /* prevent circular inclusions */
 
In file included from microblaze_flush_cache_ext_range.S:44:0:
../../../include/xparameters.h:1:0: error: unterminated #ifndef
 #ifndef XPARAMETERS_H   /* prevent circular inclusions */
 
In file included from microblaze_flush_dcache.S:41:0:
../../../include/xparameters.h:1:0: error: unterminated #ifndef
 #ifndef XPARAMETERS_H   /* prevent circular inclusions */
 
In file included from microblaze_flush_dcache_range.S:44:0:
../../../include/xparameters.h:1:0: error: unterminated #ifndef
 #ifndef XPARAMETERS_H   /* prevent circular inclusions */
 
In file included from microblaze_init_dcache_range.S:45:0:
../../../include/xparameters.h:1:0: error: unterminated #ifndef
 #ifndef XPARAMETERS_H   /* prevent circular inclusions */
 
In file included from microblaze_init_icache_range.S:46:0:
../../../include/xparameters.h:1:0: error: unterminated #ifndef
 #ifndef XPARAMETERS_H   /* prevent circular inclusions */
 
In file included from microblaze_invalidate_cache_ext.S:41:0:
../../../include/xparameters.h:1:0: error: unterminated #ifndef
 #ifndef XPARAMETERS_H   /* prevent circular inclusions */
 
In file included from microblaze_invalidate_cache_ext_range.S:44:0:
../../../include/xparameters.h:1:0: error: unterminated #ifndef
 #ifndef XPARAMETERS_H   /* prevent circular inclusions */
 
In file included from microblaze_invalidate_dcache.S:41:0:
../../../include/xparameters.h:1:0: error: unterminated #ifndef
 #ifndef XPARAMETERS_H   /* prevent circular inclusions */
 
In file included from microblaze_invalidate_dcache_range.S:46:0:
../../../include/xparameters.h:1:0: error: unterminated #ifndef
 #ifndef XPARAMETERS_H   /* prevent circular inclusions */
 
In file included from microblaze_invalidate_icache.S:42:0:
../../../include/xparameters.h:1:0: error: unterminated #ifndef
 #ifndef XPARAMETERS_H   /* prevent circular inclusions */
 
In file included from microblaze_invalidate_icache_range.S:46:0:
../../../include/xparameters.h:1:0: error: unterminated #ifndef
 #ifndef XPARAMETERS_H   /* prevent circular inclusions */
 
In file included from microblaze_scrub.S:51:0:
../../../include/xparameters.h:1:0: error: unterminated #ifndef
 #ifndef XPARAMETERS_H   /* prevent circular inclusions */
 
In file included from microblaze_update_dcache.S:61:0:
../../../include/xparameters.h:1:0: error: unterminated #ifndef
 #ifndef XPARAMETERS_H   /* prevent circular inclusions */
 
In file included from microblaze_update_icache.S:60:0:
../../../include/xparameters.h:1:0: error: unterminated #ifndef
 #ifndef XPARAMETERS_H   /* prevent circular inclusions */
 
make[1]: *** [standalone_libs] Error 1
make[1]: Target `libs' not remade because of errors.
make: *** [microblaze_0/libsrc/standalone_v6_7/src/make.libs] Error 2
"Running Make libs in microblaze_0/libsrc/sysmon_v7_4/src"
make -C microblaze_0/libsrc/sysmon_v7_4/src -s libs  "SHELL=CMD" "COMPILER=mb-gcc" "ARCHIVER=mb-ar" "COMPILER_FLAGS=  -O2 -c -mcpu=v10.0 -mlittle-endian -mxl-soft-mul" "EXTRA_COMPILER_FLAGS=-ffunction-sections -fdata-sections -Wall -Wextra"
"Compiling sysmon"
In file included from ../../../include/xil_printf.h:12:0,
                 from ../../../include/xil_io.h:65,
                 from xsysmon_hw.h:86,
                 from xsysmon.h:243,
                 from xsysmon.c:86:
../../../include/xparameters.h:1:0: error: unterminated #ifndef
 #ifndef XPARAMETERS_H   /* prevent circular inclusions */
 
In file included from ../../../include/xil_io.h:65:0,
                 from xsysmon_hw.h:86,
                 from xsysmon.h:243,
                 from xsysmon.c:86:
../../../include/xil_printf.h:13:10: fatal error: bspconfig.h: No such file or directory
 #include "bspconfig.h"
          ^~~~~~~~~~~~~
compilation terminated.
In file included from ../../../include/xil_printf.h:12:0,
                 from ../../../include/xil_io.h:65,
                 from xsysmon_hw.h:86,
                 from xsysmon.h:243,
                 from xsysmon_g.c:60:
../../../include/xparameters.h:1:0: error: unterminated #ifndef
 #ifndef XPARAMETERS_H   /* prevent circular inclusions */
 
In file included from ../../../include/xil_io.h:65:0,
                 from xsysmon_hw.h:86,
                 from xsysmon.h:243,
                 from xsysmon_g.c:60:
../../../include/xil_printf.h:13:10: fatal error: bspconfig.h: No such file or directory
 #include "bspconfig.h"
          ^~~~~~~~~~~~~
compilation terminated.
In file included from ../../../include/xil_printf.h:12:0,
                 from ../../../include/xil_io.h:65,
                 from xsysmon_hw.h:86,
                 from xsysmon.h:243,
                 from xsysmon_intr.c:70:
../../../include/xparameters.h:1:0: error: unterminated #ifndef
 #ifndef XPARAMETERS_H   /* prevent circular inclusions */
 
In file included from ../../../include/xil_io.h:65:0,
                 from xsysmon_hw.h:86,
                 from xsysmon.h:243,
                 from xsysmon_intr.c:70:
../../../include/xil_printf.h:13:10: fatal error: bspconfig.h: No such file or directory
 #include "bspconfig.h"
          ^~~~~~~~~~~~~
compilation terminated.
In file included from ../../../include/xil_printf.h:12:0,
                 from ../../../include/xil_io.h:65,
                 from xsysmon_hw.h:86,
                 from xsysmon.h:243,
                 from xsysmon_selftest.c:62:
../../../include/xparameters.h:1:0: error: unterminated #ifndef
 #ifndef XPARAMETERS_H   /* prevent circular inclusions */
 
In file included from ../../../include/xil_io.h:65:0,
                 from xsysmon_hw.h:86,
                 from xsysmon.h:243,
                 from xsysmon_selftest.c:62:
../../../include/xil_printf.h:13:10: fatal error: bspconfig.h: No such file or directory
 #include "bspconfig.h"
          ^~~~~~~~~~~~~
compilation terminated.
In file included from xsysmon_sinit.c:58:0:
../../../include/xparameters.h:1:0: error: unterminated #ifndef
 #ifndef XPARAMETERS_H   /* prevent circular inclusions */
 
In file included from ../../../include/xil_printf.h:12:0,
                 from ../../../include/xil_io.h:65,
                 from xsysmon_hw.h:86,
                 from xsysmon.h:243,
                 from xsysmon_sinit.c:59:
../../../include/xparameters.h:1:0: error: unterminated #ifndef
 #ifndef XPARAMETERS_H   /* prevent circular inclusions */
"Running Make libs in microblaze_0/libsrc/uartlite_v3_2/src"
 
make -C microblaze_0/libsrc/uartlite_v3_2/src -s libs  "SHELL=CMD" "COMPILER=mb-gcc" "ARCHIVER=mb-ar" "COMPILER_FLAGS=  -O2 -c -mcpu=v10.0 -mlittle-endian -mxl-soft-mul" "EXTRA_COMPILER_FLAGS=-ffunction-sections -fdata-sections -Wall -Wextra"
In file included from ../../../include/xil_io.h:65:0,
                 from xsysmon_hw.h:86,
                 from xsysmon.h:243,
                 from xsysmon_sinit.c:59:
../../../include/xil_printf.h:13:10: fatal error: bspconfig.h: No such file or directory
 #include "bspconfig.h"
          ^~~~~~~~~~~~~
compilation terminated.
make[1]: *** [libs] Error 1
make: *** [microblaze_0/libsrc/sysmon_v7_4/src/make.libs] Error 2
"Compiling uartlite"
[...]
   sleep(1);
   ^~~~~
   strsep
../src/pbaseapp.c:36:9: warning: unused variable 'bcdout' [-Wunused-variable]
     u32 bcdout;
         ^~~~~~
../src/pbaseapp.c:35:9: warning: unused variable 'jcout' [-Wunused-variable]
     u32 jcout;
         ^~~~~
../src/pbaseapp.c:34:19: warning: unused variable 'rpiin' [-Wunused-variable]
  u32 jbin, digin, rpiin;
                   ^~~~~
../src/pbaseapp.c:34:12: warning: unused variable 'digin' [-Wunused-variable]
  u32 jbin, digin, rpiin;
            ^~~~~
../src/pbaseapp.c:32:11: warning: unused variable 'led' [-Wunused-variable]
  u32 btn, led;
           ^~~
../src/pbaseapp.c:32:6: warning: unused variable 'btn' [-Wunused-variable]
  u32 btn, led;
      ^~~
make: *** [src/pbaseapp.o] Error 1
15:18:48 **** Incremental Build of configuration Debug for project pbaseapp ****
make all 
'Building file: ../src/pbaseapp.c'
'Invoking: MicroBlaze gcc compiler'
mb-gcc -Wall -O0 -g3 -c -fmessage-length=0 -MT"src/pbaseapp.o" -I../../pbaseapp_bsp/microblaze_0/include -mlittle-endian -mcpu=v10.0 -mxl-soft-mul -Wl,--no-relax -ffunction-sections -fdata-sections -MMD -MP -MF"src/pbaseapp.d" -MT"src/pbaseapp.o" -o "src/pbaseapp.o" "../src/pbaseapp.c"
../src/pbaseapp.c: In function 'main':
../src/pbaseapp.c:100:34: error: invalid suffix "xG" on integer constant
   XGpio_DiscreteWrite(&gpio4, 1, 0xG); // write what is coming in from jbin to the 7seg display
                                  ^~~
../src/pbaseapp.c:136:3: warning: implicit declaration of function 'sleep'; did you mean 'strsep'? [-Wimplicit-function-declaration]
   sleep(1);
   ^~~~~
   strsep
../src/pbaseapp.c:36:9: warning: unused variable 'bcdout' [-Wunused-variable]
     u32 bcdout;
         ^~~~~~
../src/pbaseapp.c:35:9: warning: unused variable 'jcout' [-Wunused-variable]
     u32 jcout;
         ^~~~~
../src/pbaseapp.c:34:19: warning: unused variable 'rpiin' [-Wunused-variable]
  u32 jbin, digin, rpiin;
                   ^~~~~
../src/pbaseapp.c:34:12: warning: unused variable 'digin' [-Wunused-variable]
  u32 jbin, digin, rpiin;
            ^~~~~
../src/pbaseapp.c:32:11: warning: unused variable 'led' [-Wunused-variable]
  u32 btn, led;
           ^~~
../src/pbaseapp.c:32:6: warning: unused variable 'btn' [-Wunused-variable]
  u32 btn, led;
      ^~~
make: *** [src/pbaseapp.o] Error 1
15:19:30 **** Auto Build of configuration Debug for project pbaseapp ****
make all 
'Building file: ../src/pbaseapp.c'
'Invoking: MicroBlaze gcc compiler'
mb-gcc -Wall -O0 -g3 -c -fmessage-length=0 -MT"src/pbaseapp.o" -I../../pbaseapp_bsp/microblaze_0/include -mlittle-endian -mcpu=v10.0 -mxl-soft-mul -Wl,--no-relax -ffunction-sections -fdata-sections -MMD -MP -MF"src/pbaseapp.d" -MT"src/pbaseapp.o" -o "src/pbaseapp.o" "../src/pbaseapp.c"
../src/pbaseapp.c: In function 'main':
../src/pbaseapp.c:136:3: warning: implicit declaration of function 'sleep'; did you mean 'strsep'? [-Wimplicit-function-declaration]
   sleep(1);
   ^~~~~
   strsep
../src/pbaseapp.c:36:9: warning: unused variable 'bcdout' [-Wunused-variable]
     u32 bcdout;
         ^~~~~~
../src/pbaseapp.c:35:9: warning: unused variable 'jcout' [-Wunused-variable]
     u32 jcout;
         ^~~~~
../src/pbaseapp.c:34:19: warning: unused variable 'rpiin' [-Wunused-variable]
  u32 jbin, digin, rpiin;
                   ^~~~~
../src/pbaseapp.c:34:12: warning: unused variable 'digin' [-Wunused-variable]
  u32 jbin, digin, rpiin;
            ^~~~~
../src/pbaseapp.c:32:11: warning: unused variable 'led' [-Wunused-variable]
  u32 btn, led;
           ^~~
../src/pbaseapp.c:32:6: warning: unused variable 'btn' [-Wunused-variable]
  u32 btn, led;
      ^~~
'Finished building: ../src/pbaseapp.c'
' '
'Building target: pbaseapp.elf'
'Invoking: MicroBlaze gcc linker'
mb-gcc -Wl,-T -Wl,../src/lscript.ld -L../../pbaseapp_bsp/microblaze_0/lib -mlittle-endian -mcpu=v10.0 -mxl-soft-mul -Wl,--no-relax -Wl,--gc-sections -o "pbaseapp.elf"  ./src/pbaseapp.o   -Wl,--start-group,-lxil,-lgcc,-lc,--end-group
'Finished building target: pbaseapp.elf'
' '
'Invoking: MicroBlaze Print Size'
mb-size pbaseapp.elf  |tee "pbaseapp.elf.size"
   text	   data	    bss	    dec	    hex	filename
  11344	    388	   3148	  14880	   3a20	pbaseapp.elf
'Finished building: pbaseapp.elf.size'
' '
15:31:22 **** Incremental Build of configuration Debug for project pbaseapp ****
make all 
'Building file: ../src/pbaseapp.c'
'Invoking: MicroBlaze gcc compiler'
mb-gcc -Wall -O0 -g3 -c -fmessage-length=0 -MT"src/pbaseapp.o" -I../../pbaseapp_bsp/microblaze_0/include -mlittle-endian -mcpu=v10.0 -mxl-soft-mul -Wl,--no-relax -ffunction-sections -fdata-sections -MMD -MP -MF"src/pbaseapp.d" -MT"src/pbaseapp.o" -o "src/pbaseapp.o" "../src/pbaseapp.c"
../src/pbaseapp.c: In function 'main':
../src/pbaseapp.c:136:3: warning: implicit declaration of function 'sleep'; did you mean 'strsep'? [-Wimplicit-function-declaration]
   sleep(1);
   ^~~~~
   strsep
../src/pbaseapp.c:36:9: warning: unused variable 'bcdout' [-Wunused-variable]
     u32 bcdout;
         ^~~~~~
../src/pbaseapp.c:35:9: warning: unused variable 'jcout' [-Wunused-variable]
     u32 jcout;
         ^~~~~
../src/pbaseapp.c:34:19: warning: unused variable 'rpiin' [-Wunused-variable]
  u32 jbin, digin, rpiin;
                   ^~~~~
../src/pbaseapp.c:34:12: warning: unused variable 'digin' [-Wunused-variable]
  u32 jbin, digin, rpiin;
            ^~~~~
../src/pbaseapp.c:32:11: warning: unused variable 'led' [-Wunused-variable]
  u32 btn, led;
           ^~~
../src/pbaseapp.c:32:6: warning: unused variable 'btn' [-Wunused-variable]
  u32 btn, led;
      ^~~
'Finished building: ../src/pbaseapp.c'
' '
'Building target: pbaseapp.elf'
'Invoking: MicroBlaze gcc linker'
mb-gcc -Wl,-T -Wl,../src/lscript.ld -L../../pbaseapp_bsp/microblaze_0/lib -mlittle-endian -mcpu=v10.0 -mxl-soft-mul -Wl,--no-relax -Wl,--gc-sections -o "pbaseapp.elf"  ./src/pbaseapp.o   -Wl,--start-group,-lxil,-lgcc,-lc,--end-group
'Finished building target: pbaseapp.elf'
' '
'Invoking: MicroBlaze Print Size'
mb-size pbaseapp.elf  |tee "pbaseapp.elf.size"
   text	   data	    bss	    dec	    hex	filename
  11344	    388	   3148	  14880	   3a20	pbaseapp.elf
'Finished building: pbaseapp.elf.size'
' '
15:31:35 **** Auto Build of configuration Debug for project pbaseapp ****
make all 
'Building file: ../src/pbaseapp.c'
'Invoking: MicroBlaze gcc compiler'
mb-gcc -Wall -O0 -g3 -c -fmessage-length=0 -MT"src/pbaseapp.o" -I../../pbaseapp_bsp/microblaze_0/include -mlittle-endian -mcpu=v10.0 -mxl-soft-mul -Wl,--no-relax -ffunction-sections -fdata-sections -MMD -MP -MF"src/pbaseapp.d" -MT"src/pbaseapp.o" -o "src/pbaseapp.o" "../src/pbaseapp.c"
../src/pbaseapp.c: In function 'main':
../src/pbaseapp.c:136:3: warning: implicit declaration of function 'sleep'; did you mean 'strsep'? [-Wimplicit-function-declaration]
   sleep(1);
   ^~~~~
   strsep
../src/pbaseapp.c:36:9: warning: unused variable 'bcdout' [-Wunused-variable]
     u32 bcdout;
         ^~~~~~
../src/pbaseapp.c:35:9: warning: unused variable 'jcout' [-Wunused-variable]
     u32 jcout;
         ^~~~~
../src/pbaseapp.c:34:19: warning: unused variable 'rpiin' [-Wunused-variable]
  u32 jbin, digin, rpiin;
                   ^~~~~
../src/pbaseapp.c:34:12: warning: unused variable 'digin' [-Wunused-variable]
  u32 jbin, digin, rpiin;
            ^~~~~
../src/pbaseapp.c:32:11: warning: unused variable 'led' [-Wunused-variable]
  u32 btn, led;
           ^~~
../src/pbaseapp.c:32:6: warning: unused variable 'btn' [-Wunused-variable]
  u32 btn, led;
      ^~~
'Finished building: ../src/pbaseapp.c'
' '
'Building target: pbaseapp.elf'
'Invoking: MicroBlaze gcc linker'
mb-gcc -Wl,-T -Wl,../src/lscript.ld -L../../pbaseapp_bsp/microblaze_0/lib -mlittle-endian -mcpu=v10.0 -mxl-soft-mul -Wl,--no-relax -Wl,--gc-sections -o "pbaseapp.elf"  ./src/pbaseapp.o   -Wl,--start-group,-lxil,-lgcc,-lc,--end-group
'Finished building target: pbaseapp.elf'
' '
'Invoking: MicroBlaze Print Size'
mb-size pbaseapp.elf  |tee "pbaseapp.elf.size"
   text	   data	    bss	    dec	    hex	filename
  11344	    388	   3148	  14880	   3a20	pbaseapp.elf
'Finished building: pbaseapp.elf.size'
' '
15:31:43 **** Incremental Build of configuration Debug for project pbaseapp ****
make all 
make: Nothing to be done for `all'.
15:33:23 **** Auto Build of configuration Debug for project pbaseapp ****
make all 
'Building file: ../src/pbaseapp.c'
'Invoking: MicroBlaze gcc compiler'
mb-gcc -Wall -O0 -g3 -c -fmessage-length=0 -MT"src/pbaseapp.o" -I../../pbaseapp_bsp/microblaze_0/include -mlittle-endian -mcpu=v10.0 -mxl-soft-mul -Wl,--no-relax -ffunction-sections -fdata-sections -MMD -MP -MF"src/pbaseapp.d" -MT"src/pbaseapp.o" -o "src/pbaseapp.o" "../src/pbaseapp.c"
../src/pbaseapp.c: In function 'main':
../src/pbaseapp.c:136:3: warning: implicit declaration of function 'sleep'; did you mean 'strsep'? [-Wimplicit-function-declaration]
   sleep(1);
   ^~~~~
   strsep
../src/pbaseapp.c:36:9: warning: unused variable 'bcdout' [-Wunused-variable]
     u32 bcdout;
         ^~~~~~
../src/pbaseapp.c:35:9: warning: unused variable 'jcout' [-Wunused-variable]
     u32 jcout;
         ^~~~~
../src/pbaseapp.c:34:19: warning: unused variable 'rpiin' [-Wunused-variable]
  u32 jbin, digin, rpiin;
                   ^~~~~
../src/pbaseapp.c:34:12: warning: unused variable 'digin' [-Wunused-variable]
  u32 jbin, digin, rpiin;
            ^~~~~
../src/pbaseapp.c:32:11: warning: unused variable 'led' [-Wunused-variable]
  u32 btn, led;
           ^~~
../src/pbaseapp.c:32:6: warning: unused variable 'btn' [-Wunused-variable]
  u32 btn, led;
      ^~~
'Finished building: ../src/pbaseapp.c'
' '
'Building target: pbaseapp.elf'
'Invoking: MicroBlaze gcc linker'
mb-gcc -Wl,-T -Wl,../src/lscript.ld -L../../pbaseapp_bsp/microblaze_0/lib -mlittle-endian -mcpu=v10.0 -mxl-soft-mul -Wl,--no-relax -Wl,--gc-sections -o "pbaseapp.elf"  ./src/pbaseapp.o   -Wl,--start-group,-lxil,-lgcc,-lc,--end-group
'Finished building target: pbaseapp.elf'
' '
'Invoking: MicroBlaze Print Size'
mb-size pbaseapp.elf  |tee "pbaseapp.elf.size"
   text	   data	    bss	    dec	    hex	filename
  11348	    388	   3152	  14888	   3a28	pbaseapp.elf
'Finished building: pbaseapp.elf.size'
' '
15:35:34 **** Auto Build of configuration Debug for project pbaseapp ****
make all 
'Building file: ../src/pbaseapp.c'
'Invoking: MicroBlaze gcc compiler'
mb-gcc -Wall -O0 -g3 -c -fmessage-length=0 -MT"src/pbaseapp.o" -I../../pbaseapp_bsp/microblaze_0/include -mlittle-endian -mcpu=v10.0 -mxl-soft-mul -Wl,--no-relax -ffunction-sections -fdata-sections -MMD -MP -MF"src/pbaseapp.d" -MT"src/pbaseapp.o" -o "src/pbaseapp.o" "../src/pbaseapp.c"
../src/pbaseapp.c: In function 'main':
../src/pbaseapp.c:136:3: warning: implicit declaration of function 'sleep'; did you mean 'strsep'? [-Wimplicit-function-declaration]
   sleep(1);
   ^~~~~
   strsep
../src/pbaseapp.c:36:9: warning: unused variable 'bcdout' [-Wunused-variable]
     u32 bcdout;
         ^~~~~~
../src/pbaseapp.c:35:9: warning: unused variable 'jcout' [-Wunused-variable]
     u32 jcout;
         ^~~~~
../src/pbaseapp.c:34:19: warning: unused variable 'rpiin' [-Wunused-variable]
  u32 jbin, digin, rpiin;
                   ^~~~~
../src/pbaseapp.c:34:12: warning: unused variable 'digin' [-Wunused-variable]
  u32 jbin, digin, rpiin;
            ^~~~~
../src/pbaseapp.c:32:11: warning: unused variable 'led' [-Wunused-variable]
  u32 btn, led;
           ^~~
../src/pbaseapp.c:32:6: warning: unused variable 'btn' [-Wunused-variable]
  u32 btn, led;
      ^~~
'Finished building: ../src/pbaseapp.c'
' '
'Building target: pbaseapp.elf'
'Invoking: MicroBlaze gcc linker'
mb-gcc -Wl,-T -Wl,../src/lscript.ld -L../../pbaseapp_bsp/microblaze_0/lib -mlittle-endian -mcpu=v10.0 -mxl-soft-mul -Wl,--no-relax -Wl,--gc-sections -o "pbaseapp.elf"  ./src/pbaseapp.o   -Wl,--start-group,-lxil,-lgcc,-lc,--end-group
'Finished building target: pbaseapp.elf'
' '
'Invoking: MicroBlaze Print Size'
mb-size pbaseapp.elf  |tee "pbaseapp.elf.size"
   text	   data	    bss	    dec	    hex	filename
  11348	    388	   3152	  14888	   3a28	pbaseapp.elf
'Finished building: pbaseapp.elf.size'
' '
15:36:12 **** Auto Build of configuration Debug for project pbaseapp ****
make all 
'Building file: ../src/pbaseapp.c'
'Invoking: MicroBlaze gcc compiler'
mb-gcc -Wall -O0 -g3 -c -fmessage-length=0 -MT"src/pbaseapp.o" -I../../pbaseapp_bsp/microblaze_0/include -mlittle-endian -mcpu=v10.0 -mxl-soft-mul -Wl,--no-relax -ffunction-sections -fdata-sections -MMD -MP -MF"src/pbaseapp.d" -MT"src/pbaseapp.o" -o "src/pbaseapp.o" "../src/pbaseapp.c"
../src/pbaseapp.c: In function 'main':
../src/pbaseapp.c:136:3: warning: implicit declaration of function 'sleep'; did you mean 'strsep'? [-Wimplicit-function-declaration]
   sleep(1);
   ^~~~~
   strsep
../src/pbaseapp.c:36:9: warning: unused variable 'bcdout' [-Wunused-variable]
     u32 bcdout;
         ^~~~~~
../src/pbaseapp.c:35:9: warning: unused variable 'jcout' [-Wunused-variable]
     u32 jcout;
         ^~~~~
../src/pbaseapp.c:34:19: warning: unused variable 'rpiin' [-Wunused-variable]
  u32 jbin, digin, rpiin;
                   ^~~~~
../src/pbaseapp.c:34:12: warning: unused variable 'digin' [-Wunused-variable]
  u32 jbin, digin, rpiin;
            ^~~~~
../src/pbaseapp.c:32:11: warning: unused variable 'led' [-Wunused-variable]
  u32 btn, led;
           ^~~
../src/pbaseapp.c:32:6: warning: unused variable 'btn' [-Wunused-variable]
  u32 btn, led;
      ^~~
'Finished building: ../src/pbaseapp.c'
' '
'Building target: pbaseapp.elf'
'Invoking: MicroBlaze gcc linker'
mb-gcc -Wl,-T -Wl,../src/lscript.ld -L../../pbaseapp_bsp/microblaze_0/lib -mlittle-endian -mcpu=v10.0 -mxl-soft-mul -Wl,--no-relax -Wl,--gc-sections -o "pbaseapp.elf"  ./src/pbaseapp.o   -Wl,--start-group,-lxil,-lgcc,-lc,--end-group
'Finished building target: pbaseapp.elf'
' '
'Invoking: MicroBlaze Print Size'
mb-size pbaseapp.elf  |tee "pbaseapp.elf.size"
   text	   data	    bss	    dec	    hex	filename
  11348	    388	   3152	  14888	   3a28	pbaseapp.elf
'Finished building: pbaseapp.elf.size'
' '
15:36:44 **** Incremental Build of configuration Debug for project pbaseapp ****
make all 
make: Nothing to be done for `all'.
15:37:01 **** Auto Build of configuration Debug for project pbaseapp ****
make all 
'Building file: ../src/pbaseapp.c'
'Invoking: MicroBlaze gcc compiler'
mb-gcc -Wall -O0 -g3 -c -fmessage-length=0 -MT"src/pbaseapp.o" -I../../pbaseapp_bsp/microblaze_0/include -mlittle-endian -mcpu=v10.0 -mxl-soft-mul -Wl,--no-relax -ffunction-sections -fdata-sections -MMD -MP -MF"src/pbaseapp.d" -MT"src/pbaseapp.o" -o "src/pbaseapp.o" "../src/pbaseapp.c"
../src/pbaseapp.c: In function 'main':
../src/pbaseapp.c:136:3: warning: implicit declaration of function 'sleep'; did you mean 'strsep'? [-Wimplicit-function-declaration]
   sleep(1);
   ^~~~~
   strsep
../src/pbaseapp.c:36:9: warning: unused variable 'bcdout' [-Wunused-variable]
     u32 bcdout;
         ^~~~~~
../src/pbaseapp.c:35:9: warning: unused variable 'jcout' [-Wunused-variable]
     u32 jcout;
         ^~~~~
../src/pbaseapp.c:34:19: warning: unused variable 'rpiin' [-Wunused-variable]
  u32 jbin, digin, rpiin;
                   ^~~~~
../src/pbaseapp.c:34:12: warning: unused variable 'digin' [-Wunused-variable]
  u32 jbin, digin, rpiin;
            ^~~~~
../src/pbaseapp.c:32:11: warning: unused variable 'led' [-Wunused-variable]
  u32 btn, led;
           ^~~
../src/pbaseapp.c:32:6: warning: unused variable 'btn' [-Wunused-variable]
  u32 btn, led;
      ^~~
'Finished building: ../src/pbaseapp.c'
' '
'Building target: pbaseapp.elf'
'Invoking: MicroBlaze gcc linker'
mb-gcc -Wl,-T -Wl,../src/lscript.ld -L../../pbaseapp_bsp/microblaze_0/lib -mlittle-endian -mcpu=v10.0 -mxl-soft-mul -Wl,--no-relax -Wl,--gc-sections -o "pbaseapp.elf"  ./src/pbaseapp.o   -Wl,--start-group,-lxil,-lgcc,-lc,--end-group
'Finished building target: pbaseapp.elf'
' '
'Invoking: MicroBlaze Print Size'
mb-size pbaseapp.elf  |tee "pbaseapp.elf.size"
   text	   data	    bss	    dec	    hex	filename
  11344	    388	   3148	  14880	   3a20	pbaseapp.elf
'Finished building: pbaseapp.elf.size'
' '
15:37:04 **** Incremental Build of configuration Debug for project pbaseapp ****
make all 
make: Nothing to be done for `all'.
15:37:52 **** Auto Build of configuration Debug for project pbaseapp ****
make all 
'Building file: ../src/pbaseapp.c'
'Invoking: MicroBlaze gcc compiler'
mb-gcc -Wall -O0 -g3 -c -fmessage-length=0 -MT"src/pbaseapp.o" -I../../pbaseapp_bsp/microblaze_0/include -mlittle-endian -mcpu=v10.0 -mxl-soft-mul -Wl,--no-relax -ffunction-sections -fdata-sections -MMD -MP -MF"src/pbaseapp.d" -MT"src/pbaseapp.o" -o "src/pbaseapp.o" "../src/pbaseapp.c"
../src/pbaseapp.c: In function 'main':
../src/pbaseapp.c:100:34: error: invalid suffix "xjbin" on integer constant
   XGpio_DiscreteWrite(&gpio4, 1, 0xjbin); // write what is coming in from jbin to the 7seg display
                                  ^~~~~~
../src/pbaseapp.c:136:3: warning: implicit declaration of function 'sleep'; did you mean 'strsep'? [-Wimplicit-function-declaration]
   sleep(1);
   ^~~~~
   strsep
../src/pbaseapp.c:36:9: warning: unused variable 'bcdout' [-Wunused-variable]
     u32 bcdout;
         ^~~~~~
../src/pbaseapp.c:35:9: warning: unused variable 'jcout' [-Wunused-variable]
     u32 jcout;
         ^~~~~
../src/pbaseapp.c:34:19: warning: unused variable 'rpiin' [-Wunused-variable]
  u32 jbin, digin, rpiin;
                   ^~~~~
../src/pbaseapp.c:34:12: warning: unused variable 'digin' [-Wunused-variable]
  u32 jbin, digin, rpiin;
            ^~~~~
../src/pbaseapp.c:32:11: warning: unused variable 'led' [-Wunused-variable]
  u32 btn, led;
           ^~~
../src/pbaseapp.c:32:6: warning: unused variable 'btn' [-Wunused-variable]
  u32 btn, led;
      ^~~
make: *** [src/pbaseapp.o] Error 1
15:37:56 **** Auto Build of configuration Debug for project pbaseapp ****
make all 
'Building file: ../src/pbaseapp.c'
'Invoking: MicroBlaze gcc compiler'
mb-gcc -Wall -O0 -g3 -c -fmessage-length=0 -MT"src/pbaseapp.o" -I../../pbaseapp_bsp/microblaze_0/include -mlittle-endian -mcpu=v10.0 -mxl-soft-mul -Wl,--no-relax -ffunction-sections -fdata-sections -MMD -MP -MF"src/pbaseapp.d" -MT"src/pbaseapp.o" -o "src/pbaseapp.o" "../src/pbaseapp.c"
../src/pbaseapp.c: In function 'main':
../src/pbaseapp.c:136:3: warning: implicit declaration of function 'sleep'; did you mean 'strsep'? [-Wimplicit-function-declaration]
   sleep(1);
   ^~~~~
   strsep
../src/pbaseapp.c:36:9: warning: unused variable 'bcdout' [-Wunused-variable]
     u32 bcdout;
         ^~~~~~
../src/pbaseapp.c:35:9: warning: unused variable 'jcout' [-Wunused-variable]
     u32 jcout;
         ^~~~~
../src/pbaseapp.c:34:19: warning: unused variable 'rpiin' [-Wunused-variable]
  u32 jbin, digin, rpiin;
                   ^~~~~
../src/pbaseapp.c:34:12: warning: unused variable 'digin' [-Wunused-variable]
  u32 jbin, digin, rpiin;
            ^~~~~
../src/pbaseapp.c:32:11: warning: unused variable 'led' [-Wunused-variable]
  u32 btn, led;
           ^~~
../src/pbaseapp.c:32:6: warning: unused variable 'btn' [-Wunused-variable]
  u32 btn, led;
      ^~~
'Finished building: ../src/pbaseapp.c'
' '
'Building target: pbaseapp.elf'
'Invoking: MicroBlaze gcc linker'
mb-gcc -Wl,-T -Wl,../src/lscript.ld -L../../pbaseapp_bsp/microblaze_0/lib -mlittle-endian -mcpu=v10.0 -mxl-soft-mul -Wl,--no-relax -Wl,--gc-sections -o "pbaseapp.elf"  ./src/pbaseapp.o   -Wl,--start-group,-lxil,-lgcc,-lc,--end-group
'Finished building target: pbaseapp.elf'
' '
'Invoking: MicroBlaze Print Size'
mb-size pbaseapp.elf  |tee "pbaseapp.elf.size"
   text	   data	    bss	    dec	    hex	filename
  11344	    388	   3148	  14880	   3a20	pbaseapp.elf
'Finished building: pbaseapp.elf.size'
' '
15:38:03 **** Incremental Build of configuration Debug for project pbaseapp ****
make all 
make: Nothing to be done for `all'.
